Archive member included to satisfy reference by file (symbol)

c:/program files (x86)/gnu tools arm embedded/7 2018-q2-update/bin/../lib/gcc/arm-none-eabi/7.3.1/../../../../arm-none-eabi/lib/thumb/v7e-m/fpv4-sp/hard\libc_nano.a(lib_a-exit.o)
                              c:/program files (x86)/gnu tools arm embedded/7 2018-q2-update/bin/../lib/gcc/arm-none-eabi/7.3.1/../../../../arm-none-eabi/lib/thumb/v7e-m/fpv4-sp/hard/crt0.o (exit)
c:/program files (x86)/gnu tools arm embedded/7 2018-q2-update/bin/../lib/gcc/arm-none-eabi/7.3.1/../../../../arm-none-eabi/lib/thumb/v7e-m/fpv4-sp/hard\libc_nano.a(lib_a-impure.o)
                              c:/program files (x86)/gnu tools arm embedded/7 2018-q2-update/bin/../lib/gcc/arm-none-eabi/7.3.1/../../../../arm-none-eabi/lib/thumb/v7e-m/fpv4-sp/hard\libc_nano.a(lib_a-exit.o) (_global_impure_ptr)
c:/program files (x86)/gnu tools arm embedded/7 2018-q2-update/bin/../lib/gcc/arm-none-eabi/7.3.1/../../../../arm-none-eabi/lib/thumb/v7e-m/fpv4-sp/hard\libc_nano.a(lib_a-init.o)
                              c:/program files (x86)/gnu tools arm embedded/7 2018-q2-update/bin/../lib/gcc/arm-none-eabi/7.3.1/../../../../arm-none-eabi/lib/thumb/v7e-m/fpv4-sp/hard/crt0.o (__libc_init_array)
c:/program files (x86)/gnu tools arm embedded/7 2018-q2-update/bin/../lib/gcc/arm-none-eabi/7.3.1/../../../../arm-none-eabi/lib/thumb/v7e-m/fpv4-sp/hard\libc_nano.a(lib_a-memcpy-stub.o)
                              build/queue.o (memcpy)
c:/program files (x86)/gnu tools arm embedded/7 2018-q2-update/bin/../lib/gcc/arm-none-eabi/7.3.1/../../../../arm-none-eabi/lib/thumb/v7e-m/fpv4-sp/hard\libc_nano.a(lib_a-memset.o)
                              c:/program files (x86)/gnu tools arm embedded/7 2018-q2-update/bin/../lib/gcc/arm-none-eabi/7.3.1/../../../../arm-none-eabi/lib/thumb/v7e-m/fpv4-sp/hard/crt0.o (memset)
c:/program files (x86)/gnu tools arm embedded/7 2018-q2-update/bin/../lib/gcc/arm-none-eabi/7.3.1/../../../../arm-none-eabi/lib/thumb/v7e-m/fpv4-sp/hard\libnosys.a(_exit.o)
                              c:/program files (x86)/gnu tools arm embedded/7 2018-q2-update/bin/../lib/gcc/arm-none-eabi/7.3.1/../../../../arm-none-eabi/lib/thumb/v7e-m/fpv4-sp/hard\libc_nano.a(lib_a-exit.o) (_exit)

Allocating common symbols
Common symbol       size              file

blinkTaskHandle     0x4               build/main.o
htim4               0x40              build/main.o
htim19              0x40              build/main.o
uwTick              0x4               build/stm32f3xx_hal.o
xQueueRegistry      0x40              build/queue.o
blinkTaskControlBlock
                    0x54              build/main.o
pFlash              0x20              build/stm32f3xx_hal_flash.o
htim5               0x40              build/main.o
htim3               0x40              build/main.o
huart1              0x70              build/main.o
hsdadc1             0x44              build/main.o
htim6               0x40              build/stm32f3xx_hal_timebase_TIM.o
htim2               0x40              build/main.o
blinkTaskBuffer     0x200             build/main.o
htim12              0x40              build/main.o

Discarded input sections

 .text          0x00000000        0x0 c:/program files (x86)/gnu tools arm embedded/7 2018-q2-update/bin/../lib/gcc/arm-none-eabi/7.3.1/thumb/v7e-m/fpv4-sp/hard/crti.o
 .data          0x00000000        0x0 c:/program files (x86)/gnu tools arm embedded/7 2018-q2-update/bin/../lib/gcc/arm-none-eabi/7.3.1/thumb/v7e-m/fpv4-sp/hard/crti.o
 .bss           0x00000000        0x0 c:/program files (x86)/gnu tools arm embedded/7 2018-q2-update/bin/../lib/gcc/arm-none-eabi/7.3.1/thumb/v7e-m/fpv4-sp/hard/crti.o
 .data          0x00000000        0x4 c:/program files (x86)/gnu tools arm embedded/7 2018-q2-update/bin/../lib/gcc/arm-none-eabi/7.3.1/thumb/v7e-m/fpv4-sp/hard/crtbegin.o
 .text          0x00000000       0x74 c:/program files (x86)/gnu tools arm embedded/7 2018-q2-update/bin/../lib/gcc/arm-none-eabi/7.3.1/../../../../arm-none-eabi/lib/thumb/v7e-m/fpv4-sp/hard/crt0.o
 .data          0x00000000        0x0 c:/program files (x86)/gnu tools arm embedded/7 2018-q2-update/bin/../lib/gcc/arm-none-eabi/7.3.1/../../../../arm-none-eabi/lib/thumb/v7e-m/fpv4-sp/hard/crt0.o
 .bss           0x00000000        0x0 c:/program files (x86)/gnu tools arm embedded/7 2018-q2-update/bin/../lib/gcc/arm-none-eabi/7.3.1/../../../../arm-none-eabi/lib/thumb/v7e-m/fpv4-sp/hard/crt0.o
 .ARM.extab     0x00000000        0x0 c:/program files (x86)/gnu tools arm embedded/7 2018-q2-update/bin/../lib/gcc/arm-none-eabi/7.3.1/../../../../arm-none-eabi/lib/thumb/v7e-m/fpv4-sp/hard/crt0.o
 .ARM.exidx     0x00000000        0x8 c:/program files (x86)/gnu tools arm embedded/7 2018-q2-update/bin/../lib/gcc/arm-none-eabi/7.3.1/../../../../arm-none-eabi/lib/thumb/v7e-m/fpv4-sp/hard/crt0.o
 .ARM.attributes
[...]
Memory Configuration

Name             Origin             Length             Attributes
RAM              0x20000000         0x00008000         xrw
FLASH            0x08000000         0x00040000         xr
*default*        0x00000000         0xffffffff

Linker script and memory map

LOAD c:/program files (x86)/gnu tools arm embedded/7 2018-q2-update/bin/../lib/gcc/arm-none-eabi/7.3.1/thumb/v7e-m/fpv4-sp/hard/crti.o
LOAD c:/program files (x86)/gnu tools arm embedded/7 2018-q2-update/bin/../lib/gcc/arm-none-eabi/7.3.1/thumb/v7e-m/fpv4-sp/hard/crtbegin.o
LOAD c:/program files (x86)/gnu tools arm embedded/7 2018-q2-update/bin/../lib/gcc/arm-none-eabi/7.3.1/../../../../arm-none-eabi/lib/thumb/v7e-m/fpv4-sp/hard/crt0.o
LOAD build/main.o
LOAD build/freertos.o
LOAD build/stm32f3xx_it.o
LOAD build/stm32f3xx_hal_msp.o
LOAD build/stm32f3xx_hal_timebase_TIM.o
LOAD build/stm32f3xx_hal_sdadc.o
LOAD build/stm32f3xx_hal_tim.o
LOAD build/stm32f3xx_hal_tim_ex.o
LOAD build/stm32f3xx_hal_uart.o
LOAD build/stm32f3xx_hal_uart_ex.o
LOAD build/stm32f3xx_hal.o
LOAD build/stm32f3xx_hal_rcc.o
LOAD build/stm32f3xx_hal_rcc_ex.o
LOAD build/stm32f3xx_hal_gpio.o
LOAD build/stm32f3xx_hal_dma.o
LOAD build/stm32f3xx_hal_cortex.o
LOAD build/stm32f3xx_hal_pwr.o
LOAD build/stm32f3xx_hal_pwr_ex.o
LOAD build/stm32f3xx_hal_flash.o
LOAD build/stm32f3xx_hal_flash_ex.o
LOAD build/stm32f3xx_hal_i2c.o
LOAD build/stm32f3xx_hal_i2c_ex.o
LOAD build/system_stm32f3xx.o
LOAD build/port.o
LOAD build/croutine.o
LOAD build/event_groups.o
LOAD build/list.o
LOAD build/queue.o
LOAD build/tasks.o
LOAD build/timers.o
LOAD build/cmsis_os.o
LOAD build/startup_stm32f373xc.o
LOAD c:/program files (x86)/gnu tools arm embedded/7 2018-q2-update/bin/../lib/gcc/arm-none-eabi/7.3.1/../../../../arm-none-eabi/lib/thumb/v7e-m/fpv4-sp/hard\libc_nano.a
LOAD c:/program files (x86)/gnu tools arm embedded/7 2018-q2-update/bin/../lib/gcc/arm-none-eabi/7.3.1/../../../../arm-none-eabi/lib/thumb/v7e-m/fpv4-sp/hard\libm.a
LOAD c:/program files (x86)/gnu tools arm embedded/7 2018-q2-update/bin/../lib/gcc/arm-none-eabi/7.3.1/../../../../arm-none-eabi/lib/thumb/v7e-m/fpv4-sp/hard\libnosys.a
START GROUP
LOAD c:/program files (x86)/gnu tools arm embedded/7 2018-q2-update/bin/../lib/gcc/arm-none-eabi/7.3.1/thumb/v7e-m/fpv4-sp/hard\libgcc.a
LOAD c:/program files (x86)/gnu tools arm embedded/7 2018-q2-update/bin/../lib/gcc/arm-none-eabi/7.3.1/../../../../arm-none-eabi/lib/thumb/v7e-m/fpv4-sp/hard\libc_nano.a
END GROUP
START GROUP
LOAD c:/program files (x86)/gnu tools arm embedded/7 2018-q2-update/bin/../lib/gcc/arm-none-eabi/7.3.1/thumb/v7e-m/fpv4-sp/hard\libgcc.a
LOAD c:/program files (x86)/gnu tools arm embedded/7 2018-q2-update/bin/../lib/gcc/arm-none-eabi/7.3.1/../../../../arm-none-eabi/lib/thumb/v7e-m/fpv4-sp/hard\libc_nano.a
END GROUP
LOAD c:/program files (x86)/gnu tools arm embedded/7 2018-q2-update/bin/../lib/gcc/arm-none-eabi/7.3.1/thumb/v7e-m/fpv4-sp/hard/crtend.o
LOAD c:/program files (x86)/gnu tools arm embedded/7 2018-q2-update/bin/../lib/gcc/arm-none-eabi/7.3.1/thumb/v7e-m/fpv4-sp/hard/crtn.o
                0x20008000                _estack = 0x20008000
                0x00000200                _Min_Heap_Size = 0x200
                0x00000400                _Min_Stack_Size = 0x400

.isr_vector     0x08000000      0x188
                0x08000000                . = ALIGN (0x4)
 *(.isr_vector)
 .isr_vector    0x08000000      0x188 build/startup_stm32f373xc.o
                0x08000000                g_pfnVectors
                0x08000188                . = ALIGN (0x4)

.text           0x08000190     0x2fd4
                0x08000190                . = ALIGN (0x4)
 *(.text)
 .text          0x08000190       0x40 c:/program files (x86)/gnu tools arm embedded/7 2018-q2-update/bin/../lib/gcc/arm-none-eabi/7.3.1/thumb/v7e-m/fpv4-sp/hard/crtbegin.o
 *(.text*)
 .text.MX_GPIO_Init
                0x080001d0      0x114 build/main.o
 .text.BlinkFunction
                0x080002e4       0x18 build/main.o
                0x080002e4                BlinkFunction
 .text.HAL_TIM_PeriodElapsedCallback
                0x080002fc       0x18 build/main.o
                0x080002fc                HAL_TIM_PeriodElapsedCallback
 .text._Error_Handler
                0x08000314        0x2 build/main.o
                0x08000314                _Error_Handler
 *fill*         0x08000316        0x2 
 .text.MX_SDADC1_Init
                0x08000318       0x70 build/main.o
 .text.MX_TIM2_Init
                0x08000388       0x68 build/main.o
 .text.MX_TIM3_Init
                0x080003f0       0x68 build/main.o
 .text.MX_TIM4_Init
                0x08000458       0xbc build/main.o
 .text.MX_TIM5_Init
                0x08000514       0xa4 build/main.o
 .text.MX_TIM12_Init
                0x080005b8       0x78 build/main.o
 .text.MX_TIM19_Init
                0x08000630       0x68 build/main.o
 .text.MX_USART1_UART_Init
                0x08000698       0x44 build/main.o
 .text.SystemClock_Config
                0x080006dc       0xac build/main.o
                0x080006dc                SystemClock_Config
 .text.main     0x08000788       0x5c build/main.o
                0x08000788                main
 .text.vApplicationGetIdleTaskMemory
                0x080007e4       0x18 build/freertos.o
                0x080007e4                vApplicationGetIdleTaskMemory
 .text.NMI_Handler
                0x080007fc        0x2 build/stm32f3xx_it.o
                0x080007fc                NMI_Handler
 .text.HardFault_Handler
                0x080007fe        0x2 build/stm32f3xx_it.o
                0x080007fe                HardFault_Handler
 .text.MemManage_Handler
                0x08000800        0x2 build/stm32f3xx_it.o
                0x08000800                MemManage_Handler
 .text.BusFault_Handler
                0x08000802        0x2 build/stm32f3xx_it.o
                0x08000802                BusFault_Handler
 .text.UsageFault_Handler
                0x08000804        0x2 build/stm32f3xx_it.o
                0x08000804                UsageFault_Handler
 .text.DebugMon_Handler
                0x08000806        0x2 build/stm32f3xx_it.o
                0x08000806                DebugMon_Handler
 .text.SysTick_Handler
                0x08000808        0x8 build/stm32f3xx_it.o
                0x08000808                SysTick_Handler
 .text.TIM6_DAC1_IRQHandler
                0x08000810       0x10 build/stm32f3xx_it.o
                0x08000810                TIM6_DAC1_IRQHandler
 .text.HAL_MspInit
                0x08000820       0x90 build/stm32f3xx_hal_msp.o
                0x08000820                HAL_MspInit
 .text.HAL_SDADC_MspInit
                0x080008b0       0x5c build/stm32f3xx_hal_msp.o
                0x080008b0                HAL_SDADC_MspInit
 .text.HAL_TIM_Encoder_MspInit
                0x0800090c       0xec build/stm32f3xx_hal_msp.o
                0x0800090c                HAL_TIM_Encoder_MspInit
 .text.HAL_TIM_PWM_MspInit
                0x080009f8       0xac build/stm32f3xx_hal_msp.o
                0x080009f8                HAL_TIM_PWM_MspInit
 .text.HAL_TIM_MspPostInit
                0x08000aa4       0x84 build/stm32f3xx_hal_msp.o
                0x08000aa4                HAL_TIM_MspPostInit
 .text.HAL_UART_MspInit
                0x08000b28       0x50 build/stm32f3xx_hal_msp.o
                0x08000b28                HAL_UART_MspInit
 .text.HAL_InitTick
                0x08000b78       0x7c build/stm32f3xx_hal_timebase_TIM.o
                0x08000b78                HAL_InitTick
 .text.SDADC_ExitInitMode
                0x08000bf4        0xc build/stm32f3xx_hal_sdadc.o
 .text.SDADC_EnterInitMode
                0x08000c00       0x2e build/stm32f3xx_hal_sdadc.o
 *fill*         0x08000c2e        0x2 
 .text.HAL_SDADC_Init
                0x08000c30       0xa4 build/stm32f3xx_hal_sdadc.o
                0x08000c30                HAL_SDADC_Init
 .text.HAL_SDADC_PrepareChannelConfig
                0x08000cd4       0x46 build/stm32f3xx_hal_sdadc.o
                0x08000cd4                HAL_SDADC_PrepareChannelConfig
 *fill*         0x08000d1a        0x2 
 .text.HAL_SDADC_SelectRegularTrigger
                0x08000d1c       0x30 build/stm32f3xx_hal_sdadc.o
                0x08000d1c                HAL_SDADC_SelectRegularTrigger
 .text.HAL_TIM_Base_MspInit
                0x08000d4c        0x2 build/stm32f3xx_hal_tim.o
                0x08000d4c                HAL_TIM_Base_MspInit
 .text.HAL_TIM_Base_Start_IT
                0x08000d4e       0x18 build/stm32f3xx_hal_tim.o
                0x08000d4e                HAL_TIM_Base_Start_IT
 .text.HAL_TIM_OC_DelayElapsedCallback
                0x08000d66        0x2 build/stm32f3xx_hal_tim.o
                0x08000d66                HAL_TIM_OC_DelayElapsedCallback
 .text.HAL_TIM_IC_CaptureCallback
                0x08000d68        0x2 build/stm32f3xx_hal_tim.o
                0x08000d68                HAL_TIM_IC_CaptureCallback
 .text.HAL_TIM_PWM_PulseFinishedCallback
                0x08000d6a        0x2 build/stm32f3xx_hal_tim.o
                0x08000d6a                HAL_TIM_PWM_PulseFinishedCallback
 .text.HAL_TIM_TriggerCallback
                0x08000d6c        0x2 build/stm32f3xx_hal_tim.o
                0x08000d6c                HAL_TIM_TriggerCallback
 .text.HAL_TIM_IRQHandler
                0x08000d6e      0x17a build/stm32f3xx_hal_tim.o
                0x08000d6e                HAL_TIM_IRQHandler
 .text.TIM_Base_SetConfig
                0x08000ee8       0xc4 build/stm32f3xx_hal_tim.o
                0x08000ee8                TIM_Base_SetConfig
 .text.HAL_TIM_Base_Init
                0x08000fac       0x32 build/stm32f3xx_hal_tim.o
                0x08000fac                HAL_TIM_Base_Init
 .text.HAL_TIM_PWM_Init
                0x08000fde       0x32 build/stm32f3xx_hal_tim.o
                0x08000fde                HAL_TIM_PWM_Init
 .text.HAL_TIM_Encoder_Init
                0x08001010       0x98 build/stm32f3xx_hal_tim.o
                0x08001010                HAL_TIM_Encoder_Init
 .text.TIM_OC1_SetConfig
                0x080010a8       0x78 build/stm32f3xx_hal_tim.o
                0x080010a8                TIM_OC1_SetConfig
 .text.TIM_OC2_SetConfig
                0x08001120       0x5c build/stm32f3xx_hal_tim.o
                0x08001120                TIM_OC2_SetConfig
 .text.TIM_OC3_SetConfig
                0x0800117c       0x58 build/stm32f3xx_hal_tim.o
                0x0800117c                TIM_OC3_SetConfig
 .text.TIM_OC4_SetConfig
                0x080011d4       0x54 build/stm32f3xx_hal_tim.o
                0x080011d4                TIM_OC4_SetConfig
 .text.HAL_TIM_PWM_ConfigChannel
                0x08001228       0xdc build/stm32f3xx_hal_tim.o
                0x08001228                HAL_TIM_PWM_ConfigChannel
 .text.HAL_TIMEx_MasterConfigSynchronization
                0x08001304       0x52 build/stm32f3xx_hal_tim_ex.o
                0x08001304                HAL_TIMEx_MasterConfigSynchronization
 .text.HAL_TIMEx_CommutationCallback
                0x08001356        0x2 build/stm32f3xx_hal_tim_ex.o
                0x08001356                HAL_TIMEx_CommutationCallback
 .text.HAL_TIMEx_BreakCallback
                0x08001358        0x2 build/stm32f3xx_hal_tim_ex.o
                0x08001358                HAL_TIMEx_BreakCallback
 *fill*         0x0800135a        0x2 
 .text.UART_SetConfig
                0x0800135c      0x21c build/stm32f3xx_hal_uart.o
                0x0800135c                UART_SetConfig
 .text.UART_AdvFeatureConfig
                0x08001578       0xca build/stm32f3xx_hal_uart.o
                0x08001578                UART_AdvFeatureConfig
 .text.UART_WaitOnFlagUntilTimeout
                0x08001642       0x62 build/stm32f3xx_hal_uart.o
                0x08001642                UART_WaitOnFlagUntilTimeout
 .text.UART_CheckIdleState
                0x080016a4       0x70 build/stm32f3xx_hal_uart.o
                0x080016a4                UART_CheckIdleState
 .text.HAL_UART_Init
                0x08001714       0x66 build/stm32f3xx_hal_uart.o
                0x08001714                HAL_UART_Init
 *fill*         0x0800177a        0x2 
 .text.HAL_Init
                0x0800177c       0x24 build/stm32f3xx_hal.o
                0x0800177c                HAL_Init
 .text.HAL_IncTick
                0x080017a0       0x18 build/stm32f3xx_hal.o
                0x080017a0                HAL_IncTick
 .text.HAL_GetTick
                0x080017b8        0xc build/stm32f3xx_hal.o
                0x080017b8                HAL_GetTick
 .text.HAL_Delay
                0x080017c4       0x28 build/stm32f3xx_hal.o
                0x080017c4                HAL_Delay
 .text.HAL_RCC_OscConfig
                0x080017ec      0x610 build/stm32f3xx_hal_rcc.o
                0x080017ec                HAL_RCC_OscConfig
 .text.HAL_RCC_GetSysClockFreq
                0x08001dfc       0x7c build/stm32f3xx_hal_rcc.o
                0x08001dfc                HAL_RCC_GetSysClockFreq
 .text.HAL_RCC_ClockConfig
                0x08001e78      0x1d4 build/stm32f3xx_hal_rcc.o
                0x08001e78                HAL_RCC_ClockConfig
 .text.HAL_RCC_GetHCLKFreq
                0x0800204c        0xc build/stm32f3xx_hal_rcc.o
                0x0800204c                HAL_RCC_GetHCLKFreq
 .text.HAL_RCC_GetPCLK1Freq
                0x08002058       0x2c build/stm32f3xx_hal_rcc.o
                0x08002058                HAL_RCC_GetPCLK1Freq
 .text.HAL_RCC_GetPCLK2Freq
                0x08002084       0x2c build/stm32f3xx_hal_rcc.o
                0x08002084                HAL_RCC_GetPCLK2Freq
 .text.HAL_RCC_GetClockConfig
                0x080020b0       0x3c build/stm32f3xx_hal_rcc.o
                0x080020b0                HAL_RCC_GetClockConfig
 .text.HAL_RCCEx_PeriphCLKConfig
                0x080020ec      0x210 build/stm32f3xx_hal_rcc_ex.o
                0x080020ec                HAL_RCCEx_PeriphCLKConfig
 .text.HAL_GPIO_Init
                0x080022fc      0x194 build/stm32f3xx_hal_gpio.o
                0x080022fc                HAL_GPIO_Init
 .text.HAL_GPIO_WritePin
                0x08002490        0xa build/stm32f3xx_hal_gpio.o
                0x08002490                HAL_GPIO_WritePin
 .text.HAL_GPIO_TogglePin
                0x0800249a        0x8 build/stm32f3xx_hal_gpio.o
                0x0800249a                HAL_GPIO_TogglePin
 *fill*         0x080024a2        0x2 
 .text.HAL_NVIC_SetPriorityGrouping
                0x080024a4       0x24 build/stm32f3xx_hal_cortex.o
                0x080024a4                HAL_NVIC_SetPriorityGrouping
 .text.HAL_NVIC_SetPriority
                0x080024c8       0x68 build/stm32f3xx_hal_cortex.o
                0x080024c8                HAL_NVIC_SetPriority
 .text.HAL_NVIC_EnableIRQ
                0x08002530       0x18 build/stm32f3xx_hal_cortex.o
                0x08002530                HAL_NVIC_EnableIRQ
 .text.HAL_SYSTICK_Config
                0x08002548       0x2c build/stm32f3xx_hal_cortex.o
                0x08002548                HAL_SYSTICK_Config
 .text.HAL_SYSTICK_CLKSourceConfig
                0x08002574       0x20 build/stm32f3xx_hal_cortex.o
                0x08002574                HAL_SYSTICK_CLKSourceConfig
 .text.HAL_PWREx_EnableSDADC
                0x08002594       0x2c build/stm32f3xx_hal_pwr_ex.o
                0x08002594                HAL_PWREx_EnableSDADC
 .text.SystemInit
                0x080025c0       0x68 build/system_stm32f3xx.o
                0x080025c0                SystemInit
 .text.prvTaskExitError
                0x08002628       0x34 build/port.o
 .text.prvPortStartFirstTask
                0x0800265c       0x20 build/port.o
 .text.vPortEnableVFP
                0x0800267c       0x14 build/port.o
 .text.pxPortInitialiseStack
                0x08002690       0x2c build/port.o
                0x08002690                pxPortInitialiseStack
 *fill*         0x080026bc        0x4 
 .text.SVC_Handler
                0x080026c0       0x24 build/port.o
                0x080026c0                SVC_Handler
 .text.vPortEnterCritical
                0x080026e4       0x44 build/port.o
                0x080026e4                vPortEnterCritical
 .text.vPortExitCritical
                0x08002728       0x2c build/port.o
                0x08002728                vPortExitCritical
 *fill*         0x08002754        0xc 
 .text.PendSV_Handler
                0x08002760       0x64 build/port.o
                0x08002760                PendSV_Handler
 .text.xPortSysTickHandler
                0x080027c4       0x2c build/port.o
                0x080027c4                xPortSysTickHandler
 .text.vPortSetupTimerInterrupt
                0x080027f0       0x2c build/port.o
                0x080027f0                vPortSetupTimerInterrupt
 .text.xPortStartScheduler
                0x0800281c       0xec build/port.o
                0x0800281c                xPortStartScheduler
 .text.vListInitialise
                0x08002908       0x16 build/list.o
                0x08002908                vListInitialise
 .text.vListInitialiseItem
                0x0800291e        0x6 build/list.o
                0x0800291e                vListInitialiseItem
 .text.vListInsertEnd
                0x08002924       0x18 build/list.o
                0x08002924                vListInsertEnd
 .text.vListInsert
                0x0800293c       0x34 build/list.o
                0x0800293c                vListInsert
 .text.uxListRemove
                0x08002970       0x26 build/list.o
                0x08002970                uxListRemove
 *fill*         0x08002996        0x2 
 .text.prvResetNextTaskUnblockTime
                0x08002998       0x2c build/tasks.o
 .text.prvInitialiseNewTask
                0x080029c4       0x80 build/tasks.o
 .text.prvInitialiseTaskLists
                0x08002a44       0x68 build/tasks.o
 .text.prvAddNewTaskToReadyList
                0x08002aac       0xa8 build/tasks.o
 .text.prvAddCurrentTaskToDelayedList
                0x08002b54       0x98 build/tasks.o
 .text.xTaskCreateStatic
                0x08002bec       0x50 build/tasks.o
                0x08002bec                xTaskCreateStatic
 .text.vTaskStartScheduler
                0x08002c3c       0x6c build/tasks.o
                0x08002c3c                vTaskStartScheduler
 .text.vTaskSuspendAll
                0x08002ca8       0x10 build/tasks.o
                0x08002ca8                vTaskSuspendAll
 .text.xTaskIncrementTick
                0x08002cb8      0x118 build/tasks.o
                0x08002cb8                xTaskIncrementTick
 .text.xTaskResumeAll
                0x08002dd0       0xf4 build/tasks.o
                0x08002dd0                xTaskResumeAll
 .text.vTaskDelay
                0x08002ec4       0x4c build/tasks.o
                0x08002ec4                vTaskDelay
 .text.prvCheckTasksWaitingTermination
                0x08002f10       0x54 build/tasks.o
 .text.prvIdleTask
                0x08002f64       0x28 build/tasks.o
 .text.vTaskSwitchContext
                0x08002f8c       0x98 build/tasks.o
                0x08002f8c                vTaskSwitchContext
 .text.xTaskGetSchedulerState
                0x08003024       0x20 build/tasks.o
                0x08003024                xTaskGetSchedulerState
 .text.makeFreeRtosPriority
                0x08003044        0xc build/cmsis_os.o
 .text.osKernelStart
                0x08003050        0xa build/cmsis_os.o
                0x08003050                osKernelStart
 .text.osThreadCreate
                0x0800305a       0x34 build/cmsis_os.o
                0x0800305a                osThreadCreate
 .text.osDelay  0x0800308e       0x12 build/cmsis_os.o
                0x0800308e                osDelay
 .text.osSystickHandler
                0x080030a0       0x10 build/cmsis_os.o
                0x080030a0                osSystickHandler
 .text.Reset_Handler
                0x080030b0       0x50 build/startup_stm32f373xc.o
                0x080030b0                Reset_Handler
 .text.Default_Handler
                0x08003100        0x2 build/startup_stm32f373xc.o
                0x08003100                RTC_Alarm_IRQHandler
                0x08003100                USB_HP_IRQHandler
                0x08003100                PVD_IRQHandler
                0x08003100                TAMP_STAMP_IRQHandler
                0x08003100                EXTI3_IRQHandler
                0x08003100                EXTI0_IRQHandler
                0x08003100                I2C2_EV_IRQHandler
                0x08003100                FPU_IRQHandler
                0x08003100                CAN_TX_IRQHandler
                0x08003100                SPI1_IRQHandler
                0x08003100                CAN_SCE_IRQHandler
                0x08003100                DMA2_Channel2_IRQHandler
                0x08003100                DMA1_Channel4_IRQHandler
                0x08003100                ADC1_IRQHandler
                0x08003100                TIM17_IRQHandler
                0x08003100                USART3_IRQHandler
                0x08003100                DMA1_Channel7_IRQHandler
                0x08003100                TIM4_IRQHandler
                0x08003100                CAN_RX1_IRQHandler
                0x08003100                DMA2_Channel1_IRQHandler
                0x08003100                I2C1_EV_IRQHandler
                0x08003100                DMA1_Channel6_IRQHandler
                0x08003100                TIM16_IRQHandler
                0x08003100                DMA2_Channel4_IRQHandler
                0x08003100                TIM3_IRQHandler
                0x08003100                RCC_IRQHandler
                0x08003100                DMA1_Channel1_IRQHandler
                0x08003100                Default_Handler
                0x08003100                CEC_IRQHandler
                0x08003100                EXTI15_10_IRQHandler
                0x08003100                TIM14_IRQHandler
                0x08003100                TIM13_IRQHandler
                0x08003100                TIM12_IRQHandler
                0x08003100                TIM7_IRQHandler
                0x08003100                TIM5_IRQHandler
                0x08003100                SDADC2_IRQHandler
                0x08003100                TIM15_IRQHandler
                0x08003100                EXTI9_5_IRQHandler
                0x08003100                RTC_WKUP_IRQHandler
                0x08003100                SPI2_IRQHandler
                0x08003100                DMA2_Channel5_IRQHandler
                0x08003100                DMA1_Channel5_IRQHandler
                0x08003100                USB_LP_IRQHandler
                0x08003100                EXTI4_IRQHandler
                0x08003100                COMP1_2_IRQHandler
                0x08003100                TIM18_DAC2_IRQHandler
                0x08003100                DMA1_Channel3_IRQHandler
                0x08003100                WWDG_IRQHandler
                0x08003100                SDADC1_IRQHandler
                0x08003100                TIM2_IRQHandler
                0x08003100                EXTI1_IRQHandler
                0x08003100                SDADC3_IRQHandler
                0x08003100                USART2_IRQHandler
                0x08003100                TIM19_IRQHandler
                0x08003100                I2C2_ER_IRQHandler
                0x08003100                DMA1_Channel2_IRQHandler
                0x08003100                FLASH_IRQHandler
                0x08003100                USART1_IRQHandler
                0x08003100                SPI3_IRQHandler
                0x08003100                CAN_RX0_IRQHandler
                0x08003100                I2C1_ER_IRQHandler
                0x08003100                USBWakeUp_IRQHandler
                0x08003100                DMA2_Channel3_IRQHandler
                0x08003100                EXTI2_TSC_IRQHandler
 *fill*         0x08003102        0x2 
 .text.__libc_init_array
                0x08003104       0x48 c:/program files (x86)/gnu tools arm embedded/7 2018-q2-update/bin/../lib/gcc/arm-none-eabi/7.3.1/../../../../arm-none-eabi/lib/thumb/v7e-m/fpv4-sp/hard\libc_nano.a(lib_a-init.o)
                0x08003104                __libc_init_array
 *(.glue_7)
 .glue_7        0x0800314c        0x0 linker stubs
 *(.glue_7t)
 .glue_7t       0x0800314c        0x0 linker stubs
 *(.eh_frame)
 .eh_frame      0x0800314c        0x0 c:/program files (x86)/gnu tools arm embedded/7 2018-q2-update/bin/../lib/gcc/arm-none-eabi/7.3.1/thumb/v7e-m/fpv4-sp/hard/crtbegin.o
 *(.init)
 .init          0x0800314c        0x4 c:/program files (x86)/gnu tools arm embedded/7 2018-q2-update/bin/../lib/gcc/arm-none-eabi/7.3.1/thumb/v7e-m/fpv4-sp/hard/crti.o
                0x0800314c                _init
 .init          0x08003150        0x8 c:/program files (x86)/gnu tools arm embedded/7 2018-q2-update/bin/../lib/gcc/arm-none-eabi/7.3.1/thumb/v7e-m/fpv4-sp/hard/crtn.o
 *(.fini)
 .fini          0x08003158        0x4 c:/program files (x86)/gnu tools arm embedded/7 2018-q2-update/bin/../lib/gcc/arm-none-eabi/7.3.1/thumb/v7e-m/fpv4-sp/hard/crti.o
                0x08003158                _fini
 .fini          0x0800315c        0x8 c:/program files (x86)/gnu tools arm embedded/7 2018-q2-update/bin/../lib/gcc/arm-none-eabi/7.3.1/thumb/v7e-m/fpv4-sp/hard/crtn.o
                0x08003164                . = ALIGN (0x4)
                0x08003164                _etext = .

.vfp11_veneer   0x08003164        0x0
 .vfp11_veneer  0x08003164        0x0 linker stubs

.v4_bx          0x08003164        0x0
 .v4_bx         0x08003164        0x0 linker stubs

.iplt           0x08003164        0x0
 .iplt          0x08003164        0x0 c:/program files (x86)/gnu tools arm embedded/7 2018-q2-update/bin/../lib/gcc/arm-none-eabi/7.3.1/thumb/v7e-m/fpv4-sp/hard/crtbegin.o

.rodata         0x08003164       0x74
                0x08003164                . = ALIGN (0x4)
 *(.rodata)
 .rodata        0x08003164       0x1c build/main.o
 *(.rodata*)
 .rodata.MX_SDADC1_Init.str1.4
                0x08003180        0xb build/main.o
 *fill*         0x0800318b        0x1 
 .rodata.str1.4
                0x0800318c        0xa build/main.o
 *fill*         0x08003196        0x2 
 .rodata.aPLLMULFactorTable
                0x08003198       0x10 build/stm32f3xx_hal_rcc.o
                0x08003198                aPLLMULFactorTable
 .rodata.aPredivFactorTable
                0x080031a8       0x10 build/stm32f3xx_hal_rcc.o
                0x080031a8                aPredivFactorTable
 .rodata.AHBPrescTable
                0x080031b8       0x10 build/system_stm32f3xx.o
                0x080031b8                AHBPrescTable
 .rodata.APBPrescTable
                0x080031c8        0x8 build/system_stm32f3xx.o
                0x080031c8                APBPrescTable
 .rodata.vTaskStartScheduler.str1.4
                0x080031d0        0x8 build/tasks.o
                                  0x5 (size before relaxing)
                0x080031d8                . = ALIGN (0x4)

.rel.dyn        0x080031d8        0x0
 .rel.iplt      0x080031d8        0x0 c:/program files (x86)/gnu tools arm embedded/7 2018-q2-update/bin/../lib/gcc/arm-none-eabi/7.3.1/thumb/v7e-m/fpv4-sp/hard/crtbegin.o

.ARM.extab
 *(.ARM.extab* .gnu.linkonce.armextab.*)

.ARM            0x080031d8        0x0
                0x080031d8                __exidx_start = .
 *(.ARM.exidx*)
                0x080031d8                __exidx_end = .

.preinit_array  0x080031d8        0x0
                0x080031d8                PROVIDE (__preinit_array_start = .)
 *(.preinit_array*)
                0x080031d8                PROVIDE (__preinit_array_end = .)

.init_array     0x080031d8        0x4
                0x080031d8                PROVIDE (__init_array_start = .)
 *(SORT_BY_NAME(.init_array.*))
 *(.init_array*)
 .init_array    0x080031d8        0x4 c:/program files (x86)/gnu tools arm embedded/7 2018-q2-update/bin/../lib/gcc/arm-none-eabi/7.3.1/thumb/v7e-m/fpv4-sp/hard/crtbegin.o
                0x080031dc                PROVIDE (__init_array_end = .)

.fini_array     0x080031dc        0x4
                [!provide]                PROVIDE (__fini_array_start = .)
 *(SORT_BY_NAME(.fini_array.*))
 *(.fini_array*)
 .fini_array    0x080031dc        0x4 c:/program files (x86)/gnu tools arm embedded/7 2018-q2-update/bin/../lib/gcc/arm-none-eabi/7.3.1/thumb/v7e-m/fpv4-sp/hard/crtbegin.o
                [!provide]                PROVIDE (__fini_array_end = .)
                0x080031e0                _sidata = LOADADDR (.data)

.data           0x20000000        0xc load address 0x080031e0
                0x20000000                . = ALIGN (0x4)
                0x20000000                _sdata = .
 *(.data)
 *(.data*)
 .data.uwTickFreq
                0x20000000        0x1 build/stm32f3xx_hal.o
                0x20000000                uwTickFreq
 *fill*         0x20000001        0x3 
 .data.SystemCoreClock
                0x20000004        0x4 build/system_stm32f3xx.o
                0x20000004                SystemCoreClock
 .data.uxCriticalNesting
                0x20000008        0x4 build/port.o
                0x2000000c                . = ALIGN (0x4)
                0x2000000c                _edata = .

.igot.plt       0x2000000c        0x0 load address 0x080031ec
 .igot.plt      0x2000000c        0x0 c:/program files (x86)/gnu tools arm embedded/7 2018-q2-update/bin/../lib/gcc/arm-none-eabi/7.3.1/thumb/v7e-m/fpv4-sp/hard/crtbegin.o
                0x2000000c                . = ALIGN (0x4)

.bss            0x2000000c      0x870 load address 0x080031ec
                0x2000000c                _sbss = .
                0x2000000c                __bss_start__ = _sbss
 *(.bss)
 .bss           0x2000000c       0x1c c:/program files (x86)/gnu tools arm embedded/7 2018-q2-update/bin/../lib/gcc/arm-none-eabi/7.3.1/thumb/v7e-m/fpv4-sp/hard/crtbegin.o
 *(.bss*)
 .bss.xIdleStack
                0x20000028      0x200 build/freertos.o
 .bss.xIdleTaskTCBBuffer
                0x20000228       0x54 build/freertos.o
 .bss.ucMaxSysCallPriority
                0x2000027c        0x1 build/port.o
 *fill*         0x2000027d        0x3 
 .bss.ulMaxPRIGROUPValue
                0x20000280        0x4 build/port.o
 .bss.pxCurrentTCB
                0x20000284        0x4 build/tasks.o
                0x20000284                pxCurrentTCB
 .bss.pxDelayedTaskList
                0x20000288        0x4 build/tasks.o
 .bss.pxOverflowDelayedTaskList
                0x2000028c        0x4 build/tasks.o
 .bss.pxReadyTasksLists
                0x20000290       0x8c build/tasks.o
 .bss.uxCurrentNumberOfTasks
                0x2000031c        0x4 build/tasks.o
 .bss.uxDeletedTasksWaitingCleanUp
                0x20000320        0x4 build/tasks.o
 .bss.uxPendedTicks
                0x20000324        0x4 build/tasks.o
 .bss.uxSchedulerSuspended
                0x20000328        0x4 build/tasks.o
 .bss.uxTaskNumber
                0x2000032c        0x4 build/tasks.o
 .bss.uxTopReadyPriority
                0x20000330        0x4 build/tasks.o
 .bss.xDelayedTaskList1
                0x20000334       0x14 build/tasks.o
 .bss.xDelayedTaskList2
                0x20000348       0x14 build/tasks.o
 .bss.xNextTaskUnblockTime
                0x2000035c        0x4 build/tasks.o
 .bss.xNumOfOverflows
                0x20000360        0x4 build/tasks.o
 .bss.xPendingReadyList
                0x20000364       0x14 build/tasks.o
 .bss.xSchedulerRunning
                0x20000378        0x4 build/tasks.o
 .bss.xSuspendedTaskList
                0x2000037c       0x14 build/tasks.o
 .bss.xTasksWaitingTermination
                0x20000390       0x14 build/tasks.o
 .bss.xTickCount
                0x200003a4        0x4 build/tasks.o
 .bss.xYieldPending
                0x200003a8        0x4 build/tasks.o
 *(COMMON)
 COMMON         0x200003ac      0x48c build/main.o
                0x200003ac                blinkTaskHandle
                0x200003b0                htim4
                0x200003f0                htim19
                0x20000430                blinkTaskControlBlock
                0x20000484                htim5
                0x200004c4                htim3
                0x20000504                huart1
                0x20000574                hsdadc1
                0x200005b8                htim2
                0x200005f8                blinkTaskBuffer
                0x200007f8                htim12
 COMMON         0x20000838       0x40 build/stm32f3xx_hal_timebase_TIM.o
                0x20000838                htim6
 COMMON         0x20000878        0x4 build/stm32f3xx_hal.o
                0x20000878                uwTick
                0x2000087c                . = ALIGN (0x4)
                0x2000087c                _ebss = .
                0x2000087c                __bss_end__ = _ebss

._user_heap_stack
                0x2000087c      0x604 load address 0x080031ec
                0x20000880                . = ALIGN (0x8)
 *fill*         0x2000087c        0x4 
                [!provide]                PROVIDE (end = .)
                [!provide]                PROVIDE (_end = .)
                0x20000a80                . = (. + _Min_Heap_Size)
 *fill*         0x20000880      0x200 
                0x20000e80                . = (. + _Min_Stack_Size)
 *fill*         0x20000a80      0x400 
                0x20000e80                . = ALIGN (0x8)

/DISCARD/
 libc.a(*)
 libm.a(*)
 libgcc.a(*)

.ARM.attributes
                0x00000000       0x30
 *(.ARM.attributes)
 .ARM.attributes
                0x00000000       0x22 c:/program files (x86)/gnu tools arm embedded/7 2018-q2-update/bin/../lib/gcc/arm-none-eabi/7.3.1/thumb/v7e-m/fpv4-sp/hard/crti.o
 .ARM.attributes
                0x00000022       0x34 c:/program files (x86)/gnu tools arm embedded/7 2018-q2-update/bin/../lib/gcc/arm-none-eabi/7.3.1/thumb/v7e-m/fpv4-sp/hard/crtbegin.o
 .ARM.attributes
                0x00000056       0x39 build/main.o
 .ARM.attributes
                0x0000008f       0x39 build/freertos.o
 .ARM.attributes
                0x000000c8       0x39 build/stm32f3xx_it.o
 .ARM.attributes
                0x00000101       0x39 build/stm32f3xx_hal_msp.o
 .ARM.attributes
                0x0000013a       0x39 build/stm32f3xx_hal_timebase_TIM.o
 .ARM.attributes
                0x00000173       0x39 build/stm32f3xx_hal_sdadc.o
 .ARM.attributes
                0x000001ac       0x39 build/stm32f3xx_hal_tim.o
 .ARM.attributes
                0x000001e5       0x39 build/stm32f3xx_hal_tim_ex.o
 .ARM.attributes
                0x0000021e       0x39 build/stm32f3xx_hal_uart.o
 .ARM.attributes
                0x00000257       0x39 build/stm32f3xx_hal.o
 .ARM.attributes
                0x00000290       0x39 build/stm32f3xx_hal_rcc.o
 .ARM.attributes
                0x000002c9       0x39 build/stm32f3xx_hal_rcc_ex.o
 .ARM.attributes
                0x00000302       0x39 build/stm32f3xx_hal_gpio.o
 .ARM.attributes
                0x0000033b       0x39 build/stm32f3xx_hal_cortex.o
 .ARM.attributes
                0x00000374       0x39 build/stm32f3xx_hal_pwr_ex.o
 .ARM.attributes
                0x000003ad       0x39 build/system_stm32f3xx.o
 .ARM.attributes
                0x000003e6       0x39 build/port.o
 .ARM.attributes
                0x0000041f       0x39 build/list.o
 .ARM.attributes
                0x00000458       0x39 build/tasks.o
 .ARM.attributes
                0x00000491       0x39 build/cmsis_os.o
 .ARM.attributes
                0x000004ca       0x21 build/startup_stm32f373xc.o
 .ARM.attributes
                0x000004eb       0x34 c:/program files (x86)/gnu tools arm embedded/7 2018-q2-update/bin/../lib/gcc/arm-none-eabi/7.3.1/../../../../arm-none-eabi/lib/thumb/v7e-m/fpv4-sp/hard\libc_nano.a(lib_a-init.o)
 .ARM.attributes
                0x0000051f       0x22 c:/program files (x86)/gnu tools arm embedded/7 2018-q2-update/bin/../lib/gcc/arm-none-eabi/7.3.1/thumb/v7e-m/fpv4-sp/hard/crtn.o
OUTPUT(build/SparthanV2MotionController.elf elf32-littlearm)

.debug_info     0x00000000    0x1faae
 .debug_info    0x00000000     0x2cab build/main.o
 .debug_info    0x00002cab      0x28b build/freertos.o
 .debug_info    0x00002f36     0x1008 build/stm32f3xx_it.o
 .debug_info    0x00003f3e     0x1fe2 build/stm32f3xx_hal_msp.o
 .debug_info    0x00005f20     0x13ee build/stm32f3xx_hal_timebase_TIM.o
 .debug_info    0x0000730e     0x243e build/stm32f3xx_hal_sdadc.o
 .debug_info    0x0000974c     0x3b31 build/stm32f3xx_hal_tim.o
 .debug_info    0x0000d27d     0x1c87 build/stm32f3xx_hal_tim_ex.o
 .debug_info    0x0000ef04     0x248c build/stm32f3xx_hal_uart.o
 .debug_info    0x00011390     0x1212 build/stm32f3xx_hal.o
 .debug_info    0x000125a2     0x1d4c build/stm32f3xx_hal_rcc.o
 .debug_info    0x000142ee     0x1024 build/stm32f3xx_hal_rcc_ex.o
 .debug_info    0x00015312      0xfdd build/stm32f3xx_hal_gpio.o
 .debug_info    0x000162ef     0x1871 build/stm32f3xx_hal_cortex.o
 .debug_info    0x00017b60      0xcea build/stm32f3xx_hal_pwr_ex.o
 .debug_info    0x0001884a      0xd62 build/system_stm32f3xx.o
 .debug_info    0x000195ac      0x56c build/port.o
 .debug_info    0x00019b18      0xbdc build/list.o
 .debug_info    0x0001a6f4     0x2bbb build/tasks.o
 .debug_info    0x0001d2af     0x27dd build/cmsis_os.o
 .debug_info    0x0001fa8c       0x22 build/startup_stm32f373xc.o

.debug_abbrev   0x00000000     0x373a
 .debug_abbrev  0x00000000      0x307 build/main.o
 .debug_abbrev  0x00000307       0xcf build/freertos.o
 .debug_abbrev  0x000003d6      0x203 build/stm32f3xx_it.o
 .debug_abbrev  0x000005d9      0x26e build/stm32f3xx_hal_msp.o
 .debug_abbrev  0x00000847      0x27b build/stm32f3xx_hal_timebase_TIM.o
 .debug_abbrev  0x00000ac2      0x317 build/stm32f3xx_hal_sdadc.o
 .debug_abbrev  0x00000dd9      0x310 build/stm32f3xx_hal_tim.o
 .debug_abbrev  0x000010e9      0x2f8 build/stm32f3xx_hal_tim_ex.o
 .debug_abbrev  0x000013e1      0x31c build/stm32f3xx_hal_uart.o
 .debug_abbrev  0x000016fd      0x2c7 build/stm32f3xx_hal.o
 .debug_abbrev  0x000019c4      0x35d build/stm32f3xx_hal_rcc.o
 .debug_abbrev  0x00001d21      0x318 build/stm32f3xx_hal_rcc_ex.o
 .debug_abbrev  0x00002039      0x2be build/stm32f3xx_hal_gpio.o
 .debug_abbrev  0x000022f7      0x3c0 build/stm32f3xx_hal_cortex.o
 .debug_abbrev  0x000026b7      0x262 build/stm32f3xx_hal_pwr_ex.o
 .debug_abbrev  0x00002919      0x1e6 build/system_stm32f3xx.o
 .debug_abbrev  0x00002aff      0x230 build/port.o
 .debug_abbrev  0x00002d2f      0x217 build/list.o
 .debug_abbrev  0x00002f46      0x40f build/tasks.o
 .debug_abbrev  0x00003355      0x3d3 build/cmsis_os.o
 .debug_abbrev  0x00003728       0x12 build/startup_stm32f373xc.o

.debug_loc      0x00000000     0xe578
 .debug_loc     0x00000000      0x346 build/main.o
 .debug_loc     0x00000346       0x40 build/stm32f3xx_it.o
 .debug_loc     0x00000386      0x4aa build/stm32f3xx_hal_msp.o
 .debug_loc     0x00000830       0xbd build/stm32f3xx_hal_timebase_TIM.o
 .debug_loc     0x000008ed     0x21af build/stm32f3xx_hal_sdadc.o
 .debug_loc     0x00002a9c     0x41b4 build/stm32f3xx_hal_tim.o
 .debug_loc     0x00006c50     0x11d5 build/stm32f3xx_hal_tim_ex.o
 .debug_loc     0x00007e25     0x1c5a build/stm32f3xx_hal_uart.o
 .debug_loc     0x00009a7f      0x19d build/stm32f3xx_hal.o
 .debug_loc     0x00009c1c      0x9c5 build/stm32f3xx_hal_rcc.o
 .debug_loc     0x0000a5e1      0x69c build/stm32f3xx_hal_rcc_ex.o
 .debug_loc     0x0000ac7d      0x441 build/stm32f3xx_hal_gpio.o
 .debug_loc     0x0000b0be      0x65e build/stm32f3xx_hal_cortex.o
 .debug_loc     0x0000b71c       0x8e build/stm32f3xx_hal_pwr_ex.o
 .debug_loc     0x0000b7aa       0xff build/system_stm32f3xx.o
 .debug_loc     0x0000b8a9      0x128 build/port.o
 .debug_loc     0x0000b9d1       0x9c build/list.o
 .debug_loc     0x0000ba6d     0x1607 build/tasks.o
 .debug_loc     0x0000d074     0x1504 build/cmsis_os.o

.debug_aranges  0x00000000     0x1188
 .debug_aranges
                0x00000000       0x88 build/main.o
 .debug_aranges
                0x00000088       0x20 build/freertos.o
 .debug_aranges
                0x000000a8       0x58 build/stm32f3xx_it.o
 .debug_aranges
                0x00000100       0x68 build/stm32f3xx_hal_msp.o
 .debug_aranges
                0x00000168       0x30 build/stm32f3xx_hal_timebase_TIM.o
 .debug_aranges
                0x00000198      0x1f8 build/stm32f3xx_hal_sdadc.o
 .debug_aranges
                0x00000390      0x378 build/stm32f3xx_hal_tim.o
 .debug_aranges
                0x00000708      0x130 build/stm32f3xx_hal_tim_ex.o
 .debug_aranges
                0x00000838      0x1f0 build/stm32f3xx_hal_uart.o
 .debug_aranges
                0x00000a28       0xe0 build/stm32f3xx_hal.o
 .debug_aranges
                0x00000b08       0x88 build/stm32f3xx_hal_rcc.o
 .debug_aranges
                0x00000b90       0x38 build/stm32f3xx_hal_rcc_ex.o
 .debug_aranges
                0x00000bc8       0x58 build/stm32f3xx_hal_gpio.o
 .debug_aranges
                0x00000c20       0xa8 build/stm32f3xx_hal_cortex.o
 .debug_aranges
                0x00000cc8       0x50 build/stm32f3xx_hal_pwr_ex.o
 .debug_aranges
                0x00000d18       0x28 build/system_stm32f3xx.o
 .debug_aranges
                0x00000d40       0x80 build/port.o
 .debug_aranges
                0x00000dc0       0x40 build/list.o
 .debug_aranges
                0x00000e00      0x188 build/tasks.o
 .debug_aranges
                0x00000f88      0x1d8 build/cmsis_os.o
 .debug_aranges
                0x00001160       0x28 build/startup_stm32f373xc.o

.debug_ranges   0x00000000     0x1150
 .debug_ranges  0x00000000       0x78 build/main.o
 .debug_ranges  0x00000078       0x10 build/freertos.o
 .debug_ranges  0x00000088       0x48 build/stm32f3xx_it.o
 .debug_ranges  0x000000d0       0x58 build/stm32f3xx_hal_msp.o
 .debug_ranges  0x00000128       0x20 build/stm32f3xx_hal_timebase_TIM.o
 .debug_ranges  0x00000148      0x1e8 build/stm32f3xx_hal_sdadc.o
 .debug_ranges  0x00000330      0x368 build/stm32f3xx_hal_tim.o
 .debug_ranges  0x00000698      0x120 build/stm32f3xx_hal_tim_ex.o
 .debug_ranges  0x000007b8      0x1e0 build/stm32f3xx_hal_uart.o
 .debug_ranges  0x00000998       0xd0 build/stm32f3xx_hal.o
 .debug_ranges  0x00000a68       0x98 build/stm32f3xx_hal_rcc.o
 .debug_ranges  0x00000b00       0x40 build/stm32f3xx_hal_rcc_ex.o
 .debug_ranges  0x00000b40       0x48 build/stm32f3xx_hal_gpio.o
 .debug_ranges  0x00000b88       0xf8 build/stm32f3xx_hal_cortex.o
 .debug_ranges  0x00000c80       0x40 build/stm32f3xx_hal_pwr_ex.o
 .debug_ranges  0x00000cc0       0x18 build/system_stm32f3xx.o
 .debug_ranges  0x00000cd8       0x70 build/port.o
 .debug_ranges  0x00000d48       0x30 build/list.o
 .debug_ranges  0x00000d78      0x1f0 build/tasks.o
 .debug_ranges  0x00000f68      0x1c8 build/cmsis_os.o
 .debug_ranges  0x00001130       0x20 build/startup_stm32f373xc.o

.debug_line     0x00000000     0x8114
 .debug_line    0x00000000      0x627 build/main.o
 .debug_line    0x00000627      0x1bd build/freertos.o
 .debug_line    0x000007e4      0x33b build/stm32f3xx_it.o
 .debug_line    0x00000b1f      0x45e build/stm32f3xx_hal_msp.o
 .debug_line    0x00000f7d      0x2f7 build/stm32f3xx_hal_timebase_TIM.o
 .debug_line    0x00001274      0xb83 build/stm32f3xx_hal_sdadc.o
 .debug_line    0x00001df7     0x13bc build/stm32f3xx_hal_tim.o
 .debug_line    0x000031b3      0x7f4 build/stm32f3xx_hal_tim_ex.o
 .debug_line    0x000039a7      0xd3d build/stm32f3xx_hal_uart.o
 .debug_line    0x000046e4      0x46b build/stm32f3xx_hal.o
 .debug_line    0x00004b4f      0x77f build/stm32f3xx_hal_rcc.o
 .debug_line    0x000052ce      0x4fc build/stm32f3xx_hal_rcc_ex.o
 .debug_line    0x000057ca      0x3f3 build/stm32f3xx_hal_gpio.o
 .debug_line    0x00005bbd      0x4ac build/stm32f3xx_hal_cortex.o
 .debug_line    0x00006069      0x30a build/stm32f3xx_hal_pwr_ex.o
 .debug_line    0x00006373      0x259 build/system_stm32f3xx.o
 .debug_line    0x000065cc      0x334 build/port.o
 .debug_line    0x00006900      0x33f build/list.o
 .debug_line    0x00006c3f      0xb86 build/tasks.o
 .debug_line    0x000077c5      0x8db build/cmsis_os.o
 .debug_line    0x000080a0       0x74 build/startup_stm32f373xc.o

.debug_str      0x00000000     0x5c5b
 .debug_str     0x00000000     0x1aeb build/main.o
                               0x1bf8 (size before relaxing)
 .debug_str     0x00001aeb       0x85 build/freertos.o
                                0x2ff (size before relaxing)
 .debug_str     0x00001b70       0xc7 build/stm32f3xx_it.o
                                0xa35 (size before relaxing)
 .debug_str     0x00001c37      0x11a build/stm32f3xx_hal_msp.o
                               0x143b (size before relaxing)
 .debug_str     0x00001d51      0x114 build/stm32f3xx_hal_timebase_TIM.o
                                0xf48 (size before relaxing)
 .debug_str     0x00001e65      0x68a build/stm32f3xx_hal_sdadc.o
                               0x11d7 (size before relaxing)
 .debug_str     0x000024ef      0xbb1 build/stm32f3xx_hal_tim.o
                               0x17bb (size before relaxing)
 .debug_str     0x000030a0      0x437 build/stm32f3xx_hal_tim_ex.o
                                0xfbd (size before relaxing)
 .debug_str     0x000034d7      0x6cc build/stm32f3xx_hal_uart.o
                               0x125c (size before relaxing)
 .debug_str     0x00003ba3      0x26b build/stm32f3xx_hal.o
                                0xd63 (size before relaxing)
 .debug_str     0x00003e0e      0x15a build/stm32f3xx_hal_rcc.o
                                0xa47 (size before relaxing)
 .debug_str     0x00003f68       0xc6 build/stm32f3xx_hal_rcc_ex.o
                                0x8e7 (size before relaxing)
 .debug_str     0x0000402e       0xfb build/stm32f3xx_hal_gpio.o
                                0x840 (size before relaxing)
 .debug_str     0x00004129      0x37c build/stm32f3xx_hal_cortex.o
                                0xf00 (size before relaxing)
 .debug_str     0x000044a5       0xdc build/stm32f3xx_hal_pwr_ex.o
                                0x73c (size before relaxing)
 .debug_str     0x00004581       0x4d build/system_stm32f3xx.o
                                0x6c4 (size before relaxing)
 .debug_str     0x000045ce      0x283 build/port.o
                                0x456 (size before relaxing)
 .debug_str     0x00004851      0x140 build/list.o
                                0x6e7 (size before relaxing)
 .debug_str     0x00004991      0xa01 build/tasks.o
                               0x12b8 (size before relaxing)
 .debug_str     0x00005392      0x8a5 build/cmsis_os.o
                               0x1358 (size before relaxing)
 .debug_str     0x00005c37       0x24 build/startup_stm32f373xc.o
                                 0x45 (size before relaxing)

.comment        0x00000000       0x7f
 .comment       0x00000000       0x7f build/main.o
                                 0x80 (size before relaxing)
 .comment       0x0000007f       0x80 build/freertos.o
 .comment       0x0000007f       0x80 build/stm32f3xx_it.o
 .comment       0x0000007f       0x80 build/stm32f3xx_hal_msp.o
 .comment       0x0000007f       0x80 build/stm32f3xx_hal_timebase_TIM.o
 .comment       0x0000007f       0x80 build/stm32f3xx_hal_sdadc.o
 .comment       0x0000007f       0x80 build/stm32f3xx_hal_tim.o
 .comment       0x0000007f       0x80 build/stm32f3xx_hal_tim_ex.o
 .comment       0x0000007f       0x80 build/stm32f3xx_hal_uart.o
 .comment       0x0000007f       0x80 build/stm32f3xx_hal.o
 .comment       0x0000007f       0x80 build/stm32f3xx_hal_rcc.o
 .comment       0x0000007f       0x80 build/stm32f3xx_hal_rcc_ex.o
 .comment       0x0000007f       0x80 build/stm32f3xx_hal_gpio.o
 .comment       0x0000007f       0x80 build/stm32f3xx_hal_cortex.o
 .comment       0x0000007f       0x80 build/stm32f3xx_hal_pwr_ex.o
 .comment       0x0000007f       0x80 build/system_stm32f3xx.o
 .comment       0x0000007f       0x80 build/port.o
 .comment       0x0000007f       0x80 build/list.o
 .comment       0x0000007f       0x80 build/tasks.o
 .comment       0x0000007f       0x80 build/cmsis_os.o

.debug_frame    0x00000000     0x335c
 .debug_frame   0x00000000      0x1c0 build/main.o
 .debug_frame   0x000001c0       0x20 build/freertos.o
 .debug_frame   0x000001e0       0xa8 build/stm32f3xx_it.o
 .debug_frame   0x00000288      0x14c build/stm32f3xx_hal_msp.o
 .debug_frame   0x000003d4       0x50 build/stm32f3xx_hal_timebase_TIM.o
 .debug_frame   0x00000424      0x63c build/stm32f3xx_hal_sdadc.o
 .debug_frame   0x00000a60      0xb4c build/stm32f3xx_hal_tim.o
 .debug_frame   0x000015ac      0x3bc build/stm32f3xx_hal_tim_ex.o
 .debug_frame   0x00001968      0x5f8 build/stm32f3xx_hal_uart.o
 .debug_frame   0x00001f60      0x1e0 build/stm32f3xx_hal.o
 .debug_frame   0x00002140      0x154 build/stm32f3xx_hal_rcc.o
 .debug_frame   0x00002294       0x88 build/stm32f3xx_hal_rcc_ex.o
 .debug_frame   0x0000231c      0x10c build/stm32f3xx_hal_gpio.o
 .debug_frame   0x00002428      0x16c build/stm32f3xx_hal_cortex.o
 .debug_frame   0x00002594       0x94 build/stm32f3xx_hal_pwr_ex.o
 .debug_frame   0x00002628       0x30 build/system_stm32f3xx.o
 .debug_frame   0x00002658       0xf8 build/port.o
 .debug_frame   0x00002750       0x70 build/list.o
 .debug_frame   0x000027c0      0x560 build/tasks.o
 .debug_frame   0x00002d20      0x610 build/cmsis_os.o
 .debug_frame   0x00003330       0x2c c:/program files (x86)/gnu tools arm embedded/7 2018-q2-update/bin/../lib/gcc/arm-none-eabi/7.3.1/../../../../arm-none-eabi/lib/thumb/v7e-m/fpv4-sp/hard\libc_nano.a(lib_a-init.o)

Cross Reference Table

Symbol                                            File
ADC1_IRQHandler                                   build/startup_stm32f373xc.o
AHBPrescTable                                     build/system_stm32f3xx.o
                                                  build/stm32f3xx_hal_rcc.o
APBPrescTable                                     build/system_stm32f3xx.o
                                                  build/stm32f3xx_hal_rcc.o
BlinkFunction                                     build/main.o
BusFault_Handler                                  build/stm32f3xx_it.o
CAN_RX0_IRQHandler                                build/startup_stm32f373xc.o
CAN_RX1_IRQHandler                                build/startup_stm32f373xc.o
CAN_SCE_IRQHandler                                build/startup_stm32f373xc.o
CAN_TX_IRQHandler                                 build/startup_stm32f373xc.o
CEC_IRQHandler                                    build/startup_stm32f373xc.o
COMP1_2_IRQHandler                                build/startup_stm32f373xc.o
DMA1_Channel1_IRQHandler                          build/startup_stm32f373xc.o
DMA1_Channel2_IRQHandler                          build/startup_stm32f373xc.o
DMA1_Channel3_IRQHandler                          build/startup_stm32f373xc.o
DMA1_Channel4_IRQHandler                          build/startup_stm32f373xc.o
DMA1_Channel5_IRQHandler                          build/startup_stm32f373xc.o
DMA1_Channel6_IRQHandler                          build/startup_stm32f373xc.o
DMA1_Channel7_IRQHandler                          build/startup_stm32f373xc.o
DMA2_Channel1_IRQHandler                          build/startup_stm32f373xc.o
DMA2_Channel2_IRQHandler                          build/startup_stm32f373xc.o
DMA2_Channel3_IRQHandler                          build/startup_stm32f373xc.o
DMA2_Channel4_IRQHandler                          build/startup_stm32f373xc.o
DMA2_Channel5_IRQHandler                          build/startup_stm32f373xc.o
DebugMon_Handler                                  build/stm32f3xx_it.o
Default_Handler                                   build/startup_stm32f373xc.o
EXTI0_IRQHandler                                  build/startup_stm32f373xc.o
EXTI15_10_IRQHandler                              build/startup_stm32f373xc.o
EXTI1_IRQHandler                                  build/startup_stm32f373xc.o
EXTI2_TSC_IRQHandler                              build/startup_stm32f373xc.o
EXTI3_IRQHandler                                  build/startup_stm32f373xc.o
EXTI4_IRQHandler                                  build/startup_stm32f373xc.o
EXTI9_5_IRQHandler                                build/startup_stm32f373xc.o
FLASH_IRQHandler                                  build/startup_stm32f373xc.o
FLASH_PageErase                                   build/stm32f3xx_hal_flash_ex.o
                                                  build/stm32f3xx_hal_flash.o
FLASH_WaitForLastOperation                        build/stm32f3xx_hal_flash.o
                                                  build/stm32f3xx_hal_flash_ex.o
FPU_IRQHandler                                    build/startup_stm32f373xc.o
HAL_DBGMCU_DisableDBGSleepMode                    build/stm32f3xx_hal.o
HAL_DBGMCU_DisableDBGStandbyMode                  build/stm32f3xx_hal.o
HAL_DBGMCU_DisableDBGStopMode                     build/stm32f3xx_hal.o
HAL_DBGMCU_EnableDBGSleepMode                     build/stm32f3xx_hal.o
HAL_DBGMCU_EnableDBGStandbyMode                   build/stm32f3xx_hal.o
HAL_DBGMCU_EnableDBGStopMode                      build/stm32f3xx_hal.o
HAL_DMA_Abort                                     build/stm32f3xx_hal_dma.o
                                                  build/stm32f3xx_hal_uart.o
                                                  build/stm32f3xx_hal_tim.o
                                                  build/stm32f3xx_hal_sdadc.o
HAL_DMA_Abort_IT                                  build/stm32f3xx_hal_dma.o
                                                  build/stm32f3xx_hal_i2c.o
                                                  build/stm32f3xx_hal_uart.o
HAL_DMA_DeInit                                    build/stm32f3xx_hal_dma.o
HAL_DMA_GetError                                  build/stm32f3xx_hal_dma.o
HAL_DMA_GetState                                  build/stm32f3xx_hal_dma.o
HAL_DMA_IRQHandler                                build/stm32f3xx_hal_dma.o
HAL_DMA_Init                                      build/stm32f3xx_hal_dma.o
HAL_DMA_PollForTransfer                           build/stm32f3xx_hal_dma.o
HAL_DMA_RegisterCallback                          build/stm32f3xx_hal_dma.o
HAL_DMA_Start                                     build/stm32f3xx_hal_dma.o
HAL_DMA_Start_IT                                  build/stm32f3xx_hal_dma.o
                                                  build/stm32f3xx_hal_i2c.o
                                                  build/stm32f3xx_hal_uart.o
                                                  build/stm32f3xx_hal_tim_ex.o
                                                  build/stm32f3xx_hal_tim.o
                                                  build/stm32f3xx_hal_sdadc.o
HAL_DMA_UnRegisterCallback                        build/stm32f3xx_hal_dma.o
HAL_DeInit                                        build/stm32f3xx_hal.o
HAL_Delay                                         build/stm32f3xx_hal.o
                                                  build/stm32f3xx_hal_sdadc.o
HAL_FLASHEx_Erase                                 build/stm32f3xx_hal_flash_ex.o
HAL_FLASHEx_Erase_IT                              build/stm32f3xx_hal_flash_ex.o
HAL_FLASHEx_OBErase                               build/stm32f3xx_hal_flash_ex.o
HAL_FLASHEx_OBGetConfig                           build/stm32f3xx_hal_flash_ex.o
HAL_FLASHEx_OBGetUserData                         build/stm32f3xx_hal_flash_ex.o
HAL_FLASHEx_OBProgram                             build/stm32f3xx_hal_flash_ex.o
HAL_FLASH_EndOfOperationCallback                  build/stm32f3xx_hal_flash.o
HAL_FLASH_GetError                                build/stm32f3xx_hal_flash.o
HAL_FLASH_IRQHandler                              build/stm32f3xx_hal_flash.o
HAL_FLASH_Lock                                    build/stm32f3xx_hal_flash.o
HAL_FLASH_OB_Launch                               build/stm32f3xx_hal_flash.o
HAL_FLASH_OB_Lock                                 build/stm32f3xx_hal_flash.o
HAL_FLASH_OB_Unlock                               build/stm32f3xx_hal_flash.o
HAL_FLASH_OperationErrorCallback                  build/stm32f3xx_hal_flash.o
HAL_FLASH_Program                                 build/stm32f3xx_hal_flash.o
HAL_FLASH_Program_IT                              build/stm32f3xx_hal_flash.o
HAL_FLASH_Unlock                                  build/stm32f3xx_hal_flash.o
HAL_GPIO_DeInit                                   build/stm32f3xx_hal_gpio.o
                                                  build/stm32f3xx_hal_msp.o
HAL_GPIO_EXTI_Callback                            build/stm32f3xx_hal_gpio.o
HAL_GPIO_EXTI_IRQHandler                          build/stm32f3xx_hal_gpio.o
HAL_GPIO_Init                                     build/stm32f3xx_hal_gpio.o
                                                  build/stm32f3xx_hal_rcc.o
                                                  build/stm32f3xx_hal_msp.o
                                                  build/main.o
HAL_GPIO_LockPin                                  build/stm32f3xx_hal_gpio.o
HAL_GPIO_ReadPin                                  build/stm32f3xx_hal_gpio.o
HAL_GPIO_TogglePin                                build/stm32f3xx_hal_gpio.o
                                                  build/main.o
HAL_GPIO_WritePin                                 build/stm32f3xx_hal_gpio.o
                                                  build/main.o
HAL_GetDEVID                                      build/stm32f3xx_hal.o
HAL_GetHalVersion                                 build/stm32f3xx_hal.o
HAL_GetREVID                                      build/stm32f3xx_hal.o
HAL_GetTick                                       build/stm32f3xx_hal.o
                                                  build/stm32f3xx_hal_i2c.o
                                                  build/stm32f3xx_hal_flash.o
                                                  build/stm32f3xx_hal_dma.o
                                                  build/stm32f3xx_hal_rcc_ex.o
                                                  build/stm32f3xx_hal_rcc.o
                                                  build/stm32f3xx_hal_uart_ex.o
                                                  build/stm32f3xx_hal_uart.o
                                                  build/stm32f3xx_hal_sdadc.o
HAL_GetTickFreq                                   build/stm32f3xx_hal.o
HAL_GetTickPrio                                   build/stm32f3xx_hal.o
HAL_GetUIDw0                                      build/stm32f3xx_hal.o
HAL_GetUIDw1                                      build/stm32f3xx_hal.o
HAL_GetUIDw2                                      build/stm32f3xx_hal.o
HAL_HalfDuplex_EnableReceiver                     build/stm32f3xx_hal_uart.o
HAL_HalfDuplex_EnableTransmitter                  build/stm32f3xx_hal_uart.o
HAL_HalfDuplex_Init                               build/stm32f3xx_hal_uart.o
HAL_I2CEx_ConfigAnalogFilter                      build/stm32f3xx_hal_i2c_ex.o
HAL_I2CEx_ConfigDigitalFilter                     build/stm32f3xx_hal_i2c_ex.o
HAL_I2CEx_DisableFastModePlus                     build/stm32f3xx_hal_i2c_ex.o
HAL_I2CEx_DisableWakeUp                           build/stm32f3xx_hal_i2c_ex.o
HAL_I2CEx_EnableFastModePlus                      build/stm32f3xx_hal_i2c_ex.o
HAL_I2CEx_EnableWakeUp                            build/stm32f3xx_hal_i2c_ex.o
HAL_I2C_AbortCpltCallback                         build/stm32f3xx_hal_i2c.o
HAL_I2C_AddrCallback                              build/stm32f3xx_hal_i2c.o
HAL_I2C_DeInit                                    build/stm32f3xx_hal_i2c.o
HAL_I2C_DisableListen_IT                          build/stm32f3xx_hal_i2c.o
HAL_I2C_ER_IRQHandler                             build/stm32f3xx_hal_i2c.o
HAL_I2C_EV_IRQHandler                             build/stm32f3xx_hal_i2c.o
HAL_I2C_EnableListen_IT                           build/stm32f3xx_hal_i2c.o
HAL_I2C_ErrorCallback                             build/stm32f3xx_hal_i2c.o
HAL_I2C_GetError                                  build/stm32f3xx_hal_i2c.o
HAL_I2C_GetMode                                   build/stm32f3xx_hal_i2c.o
HAL_I2C_GetState                                  build/stm32f3xx_hal_i2c.o
HAL_I2C_Init                                      build/stm32f3xx_hal_i2c.o
HAL_I2C_IsDeviceReady                             build/stm32f3xx_hal_i2c.o
HAL_I2C_ListenCpltCallback                        build/stm32f3xx_hal_i2c.o
HAL_I2C_MasterRxCpltCallback                      build/stm32f3xx_hal_i2c.o
HAL_I2C_MasterTxCpltCallback                      build/stm32f3xx_hal_i2c.o
HAL_I2C_Master_Abort_IT                           build/stm32f3xx_hal_i2c.o
HAL_I2C_Master_Receive                            build/stm32f3xx_hal_i2c.o
HAL_I2C_Master_Receive_DMA                        build/stm32f3xx_hal_i2c.o
HAL_I2C_Master_Receive_IT                         build/stm32f3xx_hal_i2c.o
HAL_I2C_Master_Sequential_Receive_IT              build/stm32f3xx_hal_i2c.o
HAL_I2C_Master_Sequential_Transmit_IT             build/stm32f3xx_hal_i2c.o
HAL_I2C_Master_Transmit                           build/stm32f3xx_hal_i2c.o
HAL_I2C_Master_Transmit_DMA                       build/stm32f3xx_hal_i2c.o
HAL_I2C_Master_Transmit_IT                        build/stm32f3xx_hal_i2c.o
HAL_I2C_MemRxCpltCallback                         build/stm32f3xx_hal_i2c.o
HAL_I2C_MemTxCpltCallback                         build/stm32f3xx_hal_i2c.o
HAL_I2C_Mem_Read                                  build/stm32f3xx_hal_i2c.o
HAL_I2C_Mem_Read_DMA                              build/stm32f3xx_hal_i2c.o
HAL_I2C_Mem_Read_IT                               build/stm32f3xx_hal_i2c.o
HAL_I2C_Mem_Write                                 build/stm32f3xx_hal_i2c.o
HAL_I2C_Mem_Write_DMA                             build/stm32f3xx_hal_i2c.o
HAL_I2C_Mem_Write_IT                              build/stm32f3xx_hal_i2c.o
HAL_I2C_MspDeInit                                 build/stm32f3xx_hal_i2c.o
HAL_I2C_MspInit                                   build/stm32f3xx_hal_i2c.o
HAL_I2C_SlaveRxCpltCallback                       build/stm32f3xx_hal_i2c.o
HAL_I2C_SlaveTxCpltCallback                       build/stm32f3xx_hal_i2c.o
HAL_I2C_Slave_Receive                             build/stm32f3xx_hal_i2c.o
HAL_I2C_Slave_Receive_DMA                         build/stm32f3xx_hal_i2c.o
HAL_I2C_Slave_Receive_IT                          build/stm32f3xx_hal_i2c.o
HAL_I2C_Slave_Sequential_Receive_IT               build/stm32f3xx_hal_i2c.o
HAL_I2C_Slave_Sequential_Transmit_IT              build/stm32f3xx_hal_i2c.o
HAL_I2C_Slave_Transmit                            build/stm32f3xx_hal_i2c.o
HAL_I2C_Slave_Transmit_DMA                        build/stm32f3xx_hal_i2c.o
HAL_I2C_Slave_Transmit_IT                         build/stm32f3xx_hal_i2c.o
HAL_IncTick                                       build/stm32f3xx_hal.o
                                                  build/main.o
HAL_Init                                          build/stm32f3xx_hal.o
                                                  build/main.o
HAL_InitTick                                      build/stm32f3xx_hal_timebase_TIM.o
                                                  build/stm32f3xx_hal_rcc.o
HAL_LIN_Init                                      build/stm32f3xx_hal_uart.o
HAL_LIN_SendBreak                                 build/stm32f3xx_hal_uart.o
HAL_MPU_ConfigRegion                              build/stm32f3xx_hal_cortex.o
HAL_MPU_Disable                                   build/stm32f3xx_hal_cortex.o
HAL_MPU_Enable                                    build/stm32f3xx_hal_cortex.o
HAL_MspDeInit                                     build/stm32f3xx_hal.o
HAL_MspInit                                       build/stm32f3xx_hal_msp.o
HAL_MultiProcessorEx_AddressLength_Set            build/stm32f3xx_hal_uart_ex.o
HAL_MultiProcessor_DisableMuteMode                build/stm32f3xx_hal_uart.o
HAL_MultiProcessor_EnableMuteMode                 build/stm32f3xx_hal_uart.o
HAL_MultiProcessor_EnterMuteMode                  build/stm32f3xx_hal_uart.o
HAL_MultiProcessor_Init                           build/stm32f3xx_hal_uart.o
HAL_NVIC_ClearPendingIRQ                          build/stm32f3xx_hal_cortex.o
HAL_NVIC_DisableIRQ                               build/stm32f3xx_hal_cortex.o
HAL_NVIC_EnableIRQ                                build/stm32f3xx_hal_cortex.o
                                                  build/stm32f3xx_hal_timebase_TIM.o
HAL_NVIC_GetActive                                build/stm32f3xx_hal_cortex.o
HAL_NVIC_GetPendingIRQ                            build/stm32f3xx_hal_cortex.o
HAL_NVIC_GetPriority                              build/stm32f3xx_hal_cortex.o
HAL_NVIC_GetPriorityGrouping                      build/stm32f3xx_hal_cortex.o
HAL_NVIC_SetPendingIRQ                            build/stm32f3xx_hal_cortex.o
HAL_NVIC_SetPriority                              build/stm32f3xx_hal_cortex.o
                                                  build/stm32f3xx_hal.o
                                                  build/stm32f3xx_hal_timebase_TIM.o
                                                  build/stm32f3xx_hal_msp.o
                                                  build/main.o
HAL_NVIC_SetPriorityGrouping                      build/stm32f3xx_hal_cortex.o
                                                  build/stm32f3xx_hal.o
                                                  build/stm32f3xx_hal_msp.o
HAL_NVIC_SystemReset                              build/stm32f3xx_hal_cortex.o
HAL_PWREx_DisableSDADC                            build/stm32f3xx_hal_pwr_ex.o
HAL_PWREx_EnableSDADC                             build/stm32f3xx_hal_pwr_ex.o
                                                  build/main.o
HAL_PWR_ConfigPVD                                 build/stm32f3xx_hal_pwr_ex.o
HAL_PWR_DeInit                                    build/stm32f3xx_hal_pwr.o
HAL_PWR_DisableBkUpAccess                         build/stm32f3xx_hal_pwr.o
HAL_PWR_DisablePVD                                build/stm32f3xx_hal_pwr_ex.o
HAL_PWR_DisableSEVOnPend                          build/stm32f3xx_hal_pwr.o
HAL_PWR_DisableSleepOnExit                        build/stm32f3xx_hal_pwr.o
HAL_PWR_DisableWakeUpPin                          build/stm32f3xx_hal_pwr.o
HAL_PWR_EnableBkUpAccess                          build/stm32f3xx_hal_pwr.o
HAL_PWR_EnablePVD                                 build/stm32f3xx_hal_pwr_ex.o
HAL_PWR_EnableSEVOnPend                           build/stm32f3xx_hal_pwr.o
HAL_PWR_EnableSleepOnExit                         build/stm32f3xx_hal_pwr.o
HAL_PWR_EnableWakeUpPin                           build/stm32f3xx_hal_pwr.o
HAL_PWR_EnterSLEEPMode                            build/stm32f3xx_hal_pwr.o
HAL_PWR_EnterSTANDBYMode                          build/stm32f3xx_hal_pwr.o
HAL_PWR_EnterSTOPMode                             build/stm32f3xx_hal_pwr.o
HAL_PWR_PVDCallback                               build/stm32f3xx_hal_pwr_ex.o
HAL_PWR_PVD_IRQHandler                            build/stm32f3xx_hal_pwr_ex.o
HAL_RCCEx_GetPeriphCLKConfig                      build/stm32f3xx_hal_rcc_ex.o
HAL_RCCEx_GetPeriphCLKFreq                        build/stm32f3xx_hal_rcc_ex.o
HAL_RCCEx_PeriphCLKConfig                         build/stm32f3xx_hal_rcc_ex.o
                                                  build/main.o
HAL_RCC_CSSCallback                               build/stm32f3xx_hal_rcc.o
HAL_RCC_ClockConfig                               build/stm32f3xx_hal_rcc.o
                                                  build/main.o
HAL_RCC_DeInit                                    build/stm32f3xx_hal_rcc.o
HAL_RCC_DisableCSS                                build/stm32f3xx_hal_rcc.o
HAL_RCC_EnableCSS                                 build/stm32f3xx_hal_rcc.o
HAL_RCC_GetClockConfig                            build/stm32f3xx_hal_rcc.o
                                                  build/stm32f3xx_hal_timebase_TIM.o
HAL_RCC_GetHCLKFreq                               build/stm32f3xx_hal_rcc.o
                                                  build/main.o
HAL_RCC_GetOscConfig                              build/stm32f3xx_hal_rcc.o
HAL_RCC_GetPCLK1Freq                              build/stm32f3xx_hal_rcc.o
                                                  build/stm32f3xx_hal_rcc_ex.o
                                                  build/stm32f3xx_hal_uart.o
                                                  build/stm32f3xx_hal_timebase_TIM.o
HAL_RCC_GetPCLK2Freq                              build/stm32f3xx_hal_rcc.o
                                                  build/stm32f3xx_hal_rcc_ex.o
                                                  build/stm32f3xx_hal_uart.o
HAL_RCC_GetSysClockFreq                           build/stm32f3xx_hal_rcc.o
                                                  build/stm32f3xx_hal_rcc_ex.o
                                                  build/stm32f3xx_hal_uart.o
HAL_RCC_MCOConfig                                 build/stm32f3xx_hal_rcc.o
HAL_RCC_NMI_IRQHandler                            build/stm32f3xx_hal_rcc.o
HAL_RCC_OscConfig                                 build/stm32f3xx_hal_rcc.o
                                                  build/main.o
HAL_RS485Ex_Init                                  build/stm32f3xx_hal_uart_ex.o
HAL_ResumeTick                                    build/stm32f3xx_hal_timebase_TIM.o
HAL_SDADC_AssociateChannelConfig                  build/stm32f3xx_hal_sdadc.o
HAL_SDADC_CalibrationCpltCallback                 build/stm32f3xx_hal_sdadc.o
HAL_SDADC_CalibrationStart                        build/stm32f3xx_hal_sdadc.o
HAL_SDADC_CalibrationStart_IT                     build/stm32f3xx_hal_sdadc.o
HAL_SDADC_ConfigChannel                           build/stm32f3xx_hal_sdadc.o
HAL_SDADC_ConvCpltCallback                        build/stm32f3xx_hal_sdadc.o
HAL_SDADC_ConvHalfCpltCallback                    build/stm32f3xx_hal_sdadc.o
HAL_SDADC_DeInit                                  build/stm32f3xx_hal_sdadc.o
HAL_SDADC_ErrorCallback                           build/stm32f3xx_hal_sdadc.o
HAL_SDADC_GetError                                build/stm32f3xx_hal_sdadc.o
HAL_SDADC_GetState                                build/stm32f3xx_hal_sdadc.o
HAL_SDADC_GetValue                                build/stm32f3xx_hal_sdadc.o
HAL_SDADC_IRQHandler                              build/stm32f3xx_hal_sdadc.o
HAL_SDADC_Init                                    build/stm32f3xx_hal_sdadc.o
                                                  build/main.o
HAL_SDADC_InjectedConfigChannel                   build/stm32f3xx_hal_sdadc.o
HAL_SDADC_InjectedConvCpltCallback                build/stm32f3xx_hal_sdadc.o
HAL_SDADC_InjectedConvHalfCpltCallback            build/stm32f3xx_hal_sdadc.o
HAL_SDADC_InjectedGetValue                        build/stm32f3xx_hal_sdadc.o
HAL_SDADC_InjectedMultiModeConfigChannel          build/stm32f3xx_hal_sdadc.o
HAL_SDADC_InjectedMultiModeGetValue               build/stm32f3xx_hal_sdadc.o
HAL_SDADC_InjectedMultiModeStart_DMA              build/stm32f3xx_hal_sdadc.o
HAL_SDADC_InjectedMultiModeStop_DMA               build/stm32f3xx_hal_sdadc.o
HAL_SDADC_InjectedStart                           build/stm32f3xx_hal_sdadc.o
HAL_SDADC_InjectedStart_DMA                       build/stm32f3xx_hal_sdadc.o
HAL_SDADC_InjectedStart_IT                        build/stm32f3xx_hal_sdadc.o
HAL_SDADC_InjectedStop                            build/stm32f3xx_hal_sdadc.o
HAL_SDADC_InjectedStop_DMA                        build/stm32f3xx_hal_sdadc.o
HAL_SDADC_InjectedStop_IT                         build/stm32f3xx_hal_sdadc.o
HAL_SDADC_MspDeInit                               build/stm32f3xx_hal_msp.o
HAL_SDADC_MspInit                                 build/stm32f3xx_hal_msp.o
HAL_SDADC_MultiModeConfigChannel                  build/stm32f3xx_hal_sdadc.o
HAL_SDADC_MultiModeGetValue                       build/stm32f3xx_hal_sdadc.o
HAL_SDADC_MultiModeStart_DMA                      build/stm32f3xx_hal_sdadc.o
HAL_SDADC_MultiModeStop_DMA                       build/stm32f3xx_hal_sdadc.o
HAL_SDADC_PollForCalibEvent                       build/stm32f3xx_hal_sdadc.o
HAL_SDADC_PollForConversion                       build/stm32f3xx_hal_sdadc.o
HAL_SDADC_PollForInjectedConversion               build/stm32f3xx_hal_sdadc.o
HAL_SDADC_PrepareChannelConfig                    build/stm32f3xx_hal_sdadc.o
                                                  build/main.o
HAL_SDADC_SelectInjectedDelay                     build/stm32f3xx_hal_sdadc.o
HAL_SDADC_SelectInjectedExtTrigger                build/stm32f3xx_hal_sdadc.o
HAL_SDADC_SelectInjectedTrigger                   build/stm32f3xx_hal_sdadc.o
HAL_SDADC_SelectRegularTrigger                    build/stm32f3xx_hal_sdadc.o
                                                  build/main.o
HAL_SDADC_Start                                   build/stm32f3xx_hal_sdadc.o
HAL_SDADC_Start_DMA                               build/stm32f3xx_hal_sdadc.o
HAL_SDADC_Start_IT                                build/stm32f3xx_hal_sdadc.o
HAL_SDADC_Stop                                    build/stm32f3xx_hal_sdadc.o
HAL_SDADC_Stop_DMA                                build/stm32f3xx_hal_sdadc.o
HAL_SDADC_Stop_IT                                 build/stm32f3xx_hal_sdadc.o
HAL_SYSTICK_CLKSourceConfig                       build/stm32f3xx_hal_cortex.o
                                                  build/main.o
HAL_SYSTICK_Callback                              build/stm32f3xx_hal_cortex.o
HAL_SYSTICK_Config                                build/stm32f3xx_hal_cortex.o
                                                  build/stm32f3xx_hal.o
                                                  build/main.o
HAL_SYSTICK_IRQHandler                            build/stm32f3xx_hal_cortex.o
HAL_SetTickFreq                                   build/stm32f3xx_hal.o
HAL_SuspendTick                                   build/stm32f3xx_hal_timebase_TIM.o
HAL_TIMEx_Break2Callback                          build/stm32f3xx_hal_tim_ex.o
HAL_TIMEx_BreakCallback                           build/stm32f3xx_hal_tim_ex.o
                                                  build/stm32f3xx_hal_tim.o
HAL_TIMEx_CommutationCallback                     build/stm32f3xx_hal_tim_ex.o
                                                  build/stm32f3xx_hal_tim.o
HAL_TIMEx_ConfigBreakDeadTime                     build/stm32f3xx_hal_tim_ex.o
HAL_TIMEx_HallSensor_DeInit                       build/stm32f3xx_hal_tim_ex.o
HAL_TIMEx_HallSensor_GetState                     build/stm32f3xx_hal_tim_ex.o
HAL_TIMEx_HallSensor_Init                         build/stm32f3xx_hal_tim_ex.o
HAL_TIMEx_HallSensor_MspDeInit                    build/stm32f3xx_hal_tim_ex.o
HAL_TIMEx_HallSensor_MspInit                      build/stm32f3xx_hal_tim_ex.o
HAL_TIMEx_HallSensor_Start                        build/stm32f3xx_hal_tim_ex.o
HAL_TIMEx_HallSensor_Start_DMA                    build/stm32f3xx_hal_tim_ex.o
HAL_TIMEx_HallSensor_Start_IT                     build/stm32f3xx_hal_tim_ex.o
HAL_TIMEx_HallSensor_Stop                         build/stm32f3xx_hal_tim_ex.o
HAL_TIMEx_HallSensor_Stop_DMA                     build/stm32f3xx_hal_tim_ex.o
HAL_TIMEx_HallSensor_Stop_IT                      build/stm32f3xx_hal_tim_ex.o
HAL_TIMEx_MasterConfigSynchronization             build/stm32f3xx_hal_tim_ex.o
                                                  build/main.o
HAL_TIMEx_OCN_Start                               build/stm32f3xx_hal_tim_ex.o
HAL_TIMEx_OCN_Start_DMA                           build/stm32f3xx_hal_tim_ex.o
HAL_TIMEx_OCN_Start_IT                            build/stm32f3xx_hal_tim_ex.o
HAL_TIMEx_OCN_Stop                                build/stm32f3xx_hal_tim_ex.o
HAL_TIMEx_OCN_Stop_DMA                            build/stm32f3xx_hal_tim_ex.o
HAL_TIMEx_OCN_Stop_IT                             build/stm32f3xx_hal_tim_ex.o
HAL_TIMEx_OnePulseN_Start                         build/stm32f3xx_hal_tim_ex.o
HAL_TIMEx_OnePulseN_Start_IT                      build/stm32f3xx_hal_tim_ex.o
HAL_TIMEx_OnePulseN_Stop                          build/stm32f3xx_hal_tim_ex.o
HAL_TIMEx_OnePulseN_Stop_IT                       build/stm32f3xx_hal_tim_ex.o
HAL_TIMEx_PWMN_Start                              build/stm32f3xx_hal_tim_ex.o
HAL_TIMEx_PWMN_Start_DMA                          build/stm32f3xx_hal_tim_ex.o
HAL_TIMEx_PWMN_Start_IT                           build/stm32f3xx_hal_tim_ex.o
HAL_TIMEx_PWMN_Stop                               build/stm32f3xx_hal_tim_ex.o
HAL_TIMEx_PWMN_Stop_DMA                           build/stm32f3xx_hal_tim_ex.o
HAL_TIMEx_PWMN_Stop_IT                            build/stm32f3xx_hal_tim_ex.o
HAL_TIMEx_RemapConfig                             build/stm32f3xx_hal_tim_ex.o
HAL_TIM_Base_DeInit                               build/stm32f3xx_hal_tim.o
HAL_TIM_Base_GetState                             build/stm32f3xx_hal_tim.o
HAL_TIM_Base_Init                                 build/stm32f3xx_hal_tim.o
                                                  build/stm32f3xx_hal_timebase_TIM.o
HAL_TIM_Base_MspDeInit                            build/stm32f3xx_hal_tim.o
HAL_TIM_Base_MspInit                              build/stm32f3xx_hal_tim.o
HAL_TIM_Base_Start                                build/stm32f3xx_hal_tim.o
HAL_TIM_Base_Start_DMA                            build/stm32f3xx_hal_tim.o
HAL_TIM_Base_Start_IT                             build/stm32f3xx_hal_tim.o
                                                  build/stm32f3xx_hal_timebase_TIM.o
HAL_TIM_Base_Stop                                 build/stm32f3xx_hal_tim.o
HAL_TIM_Base_Stop_DMA                             build/stm32f3xx_hal_tim.o
HAL_TIM_Base_Stop_IT                              build/stm32f3xx_hal_tim.o
HAL_TIM_ConfigClockSource                         build/stm32f3xx_hal_tim.o
HAL_TIM_ConfigOCrefClear                          build/stm32f3xx_hal_tim.o
HAL_TIM_ConfigTI1Input                            build/stm32f3xx_hal_tim.o
HAL_TIM_DMABurst_MultiReadStart                   build/stm32f3xx_hal_tim.o
HAL_TIM_DMABurst_MultiWriteStart                  build/stm32f3xx_hal_tim.o
HAL_TIM_DMABurst_ReadStart                        build/stm32f3xx_hal_tim.o
HAL_TIM_DMABurst_ReadStop                         build/stm32f3xx_hal_tim.o
HAL_TIM_DMABurst_WriteStart                       build/stm32f3xx_hal_tim.o
HAL_TIM_DMABurst_WriteStop                        build/stm32f3xx_hal_tim.o
HAL_TIM_Encoder_DeInit                            build/stm32f3xx_hal_tim.o
HAL_TIM_Encoder_GetState                          build/stm32f3xx_hal_tim.o
HAL_TIM_Encoder_Init                              build/stm32f3xx_hal_tim.o
                                                  build/main.o
HAL_TIM_Encoder_MspDeInit                         build/stm32f3xx_hal_msp.o
HAL_TIM_Encoder_MspInit                           build/stm32f3xx_hal_msp.o
HAL_TIM_Encoder_Start                             build/stm32f3xx_hal_tim.o
HAL_TIM_Encoder_Start_DMA                         build/stm32f3xx_hal_tim.o
HAL_TIM_Encoder_Start_IT                          build/stm32f3xx_hal_tim.o
HAL_TIM_Encoder_Stop                              build/stm32f3xx_hal_tim.o
HAL_TIM_Encoder_Stop_DMA                          build/stm32f3xx_hal_tim.o
HAL_TIM_Encoder_Stop_IT                           build/stm32f3xx_hal_tim.o
HAL_TIM_ErrorCallback                             build/stm32f3xx_hal_tim.o
HAL_TIM_GenerateEvent                             build/stm32f3xx_hal_tim.o
HAL_TIM_IC_CaptureCallback                        build/stm32f3xx_hal_tim.o
HAL_TIM_IC_ConfigChannel                          build/stm32f3xx_hal_tim.o
HAL_TIM_IC_DeInit                                 build/stm32f3xx_hal_tim.o
HAL_TIM_IC_GetState                               build/stm32f3xx_hal_tim.o
HAL_TIM_IC_Init                                   build/stm32f3xx_hal_tim.o
HAL_TIM_IC_MspDeInit                              build/stm32f3xx_hal_tim.o
HAL_TIM_IC_MspInit                                build/stm32f3xx_hal_tim.o
HAL_TIM_IC_Start                                  build/stm32f3xx_hal_tim.o
HAL_TIM_IC_Start_DMA                              build/stm32f3xx_hal_tim.o
HAL_TIM_IC_Start_IT                               build/stm32f3xx_hal_tim.o
HAL_TIM_IC_Stop                                   build/stm32f3xx_hal_tim.o
HAL_TIM_IC_Stop_DMA                               build/stm32f3xx_hal_tim.o
HAL_TIM_IC_Stop_IT                                build/stm32f3xx_hal_tim.o
HAL_TIM_IRQHandler                                build/stm32f3xx_hal_tim.o
                                                  build/stm32f3xx_it.o
HAL_TIM_MspPostInit                               build/stm32f3xx_hal_msp.o
                                                  build/main.o
HAL_TIM_OC_ConfigChannel                          build/stm32f3xx_hal_tim.o
HAL_TIM_OC_DeInit                                 build/stm32f3xx_hal_tim.o
HAL_TIM_OC_DelayElapsedCallback                   build/stm32f3xx_hal_tim.o
HAL_TIM_OC_GetState                               build/stm32f3xx_hal_tim.o
HAL_TIM_OC_Init                                   build/stm32f3xx_hal_tim.o
HAL_TIM_OC_MspDeInit                              build/stm32f3xx_hal_tim.o
HAL_TIM_OC_MspInit                                build/stm32f3xx_hal_tim.o
HAL_TIM_OC_Start                                  build/stm32f3xx_hal_tim.o
HAL_TIM_OC_Start_DMA                              build/stm32f3xx_hal_tim.o
HAL_TIM_OC_Start_IT                               build/stm32f3xx_hal_tim.o
HAL_TIM_OC_Stop                                   build/stm32f3xx_hal_tim.o
HAL_TIM_OC_Stop_DMA                               build/stm32f3xx_hal_tim.o
HAL_TIM_OC_Stop_IT                                build/stm32f3xx_hal_tim.o
HAL_TIM_OnePulse_ConfigChannel                    build/stm32f3xx_hal_tim.o
HAL_TIM_OnePulse_DeInit                           build/stm32f3xx_hal_tim.o
HAL_TIM_OnePulse_GetState                         build/stm32f3xx_hal_tim.o
HAL_TIM_OnePulse_Init                             build/stm32f3xx_hal_tim.o
HAL_TIM_OnePulse_MspDeInit                        build/stm32f3xx_hal_tim.o
HAL_TIM_OnePulse_MspInit                          build/stm32f3xx_hal_tim.o
HAL_TIM_OnePulse_Start                            build/stm32f3xx_hal_tim.o
HAL_TIM_OnePulse_Start_IT                         build/stm32f3xx_hal_tim.o
HAL_TIM_OnePulse_Stop                             build/stm32f3xx_hal_tim.o
HAL_TIM_OnePulse_Stop_IT                          build/stm32f3xx_hal_tim.o
HAL_TIM_PWM_ConfigChannel                         build/stm32f3xx_hal_tim.o
                                                  build/main.o
HAL_TIM_PWM_DeInit                                build/stm32f3xx_hal_tim.o
HAL_TIM_PWM_GetState                              build/stm32f3xx_hal_tim.o
HAL_TIM_PWM_Init                                  build/stm32f3xx_hal_tim.o
                                                  build/main.o
HAL_TIM_PWM_MspDeInit                             build/stm32f3xx_hal_msp.o
HAL_TIM_PWM_MspInit                               build/stm32f3xx_hal_msp.o
HAL_TIM_PWM_PulseFinishedCallback                 build/stm32f3xx_hal_tim.o
HAL_TIM_PWM_Start                                 build/stm32f3xx_hal_tim.o
HAL_TIM_PWM_Start_DMA                             build/stm32f3xx_hal_tim.o
HAL_TIM_PWM_Start_IT                              build/stm32f3xx_hal_tim.o
HAL_TIM_PWM_Stop                                  build/stm32f3xx_hal_tim.o
HAL_TIM_PWM_Stop_DMA                              build/stm32f3xx_hal_tim.o
HAL_TIM_PWM_Stop_IT                               build/stm32f3xx_hal_tim.o
HAL_TIM_PeriodElapsedCallback                     build/main.o
HAL_TIM_ReadCapturedValue                         build/stm32f3xx_hal_tim.o
HAL_TIM_SlaveConfigSynchronization                build/stm32f3xx_hal_tim.o
HAL_TIM_SlaveConfigSynchronization_IT             build/stm32f3xx_hal_tim.o
HAL_TIM_TriggerCallback                           build/stm32f3xx_hal_tim.o
HAL_UARTEx_DisableStopMode                        build/stm32f3xx_hal_uart_ex.o
HAL_UARTEx_EnableStopMode                         build/stm32f3xx_hal_uart_ex.o
HAL_UARTEx_StopModeWakeUpSourceConfig             build/stm32f3xx_hal_uart_ex.o
HAL_UARTEx_WakeupCallback                         build/stm32f3xx_hal_uart_ex.o
                                                  build/stm32f3xx_hal_uart.o
HAL_UART_Abort                                    build/stm32f3xx_hal_uart.o
HAL_UART_AbortCpltCallback                        build/stm32f3xx_hal_uart.o
HAL_UART_AbortReceive                             build/stm32f3xx_hal_uart.o
HAL_UART_AbortReceiveCpltCallback                 build/stm32f3xx_hal_uart.o
HAL_UART_AbortReceive_IT                          build/stm32f3xx_hal_uart.o
HAL_UART_AbortTransmit                            build/stm32f3xx_hal_uart.o
HAL_UART_AbortTransmitCpltCallback                build/stm32f3xx_hal_uart.o
HAL_UART_AbortTransmit_IT                         build/stm32f3xx_hal_uart.o
HAL_UART_Abort_IT                                 build/stm32f3xx_hal_uart.o
HAL_UART_DMAPause                                 build/stm32f3xx_hal_uart.o
HAL_UART_DMAResume                                build/stm32f3xx_hal_uart.o
HAL_UART_DMAStop                                  build/stm32f3xx_hal_uart.o
HAL_UART_DeInit                                   build/stm32f3xx_hal_uart.o
HAL_UART_ErrorCallback                            build/stm32f3xx_hal_uart.o
HAL_UART_GetError                                 build/stm32f3xx_hal_uart.o
HAL_UART_GetState                                 build/stm32f3xx_hal_uart.o
HAL_UART_IRQHandler                               build/stm32f3xx_hal_uart.o
HAL_UART_Init                                     build/stm32f3xx_hal_uart.o
                                                  build/main.o
HAL_UART_MspDeInit                                build/stm32f3xx_hal_msp.o
HAL_UART_MspInit                                  build/stm32f3xx_hal_msp.o
                                                  build/stm32f3xx_hal_uart_ex.o
HAL_UART_Receive                                  build/stm32f3xx_hal_uart.o
HAL_UART_Receive_DMA                              build/stm32f3xx_hal_uart.o
HAL_UART_Receive_IT                               build/stm32f3xx_hal_uart.o
HAL_UART_RxCpltCallback                           build/stm32f3xx_hal_uart.o
HAL_UART_RxHalfCpltCallback                       build/stm32f3xx_hal_uart.o
HAL_UART_Transmit                                 build/stm32f3xx_hal_uart.o
HAL_UART_Transmit_DMA                             build/stm32f3xx_hal_uart.o
HAL_UART_Transmit_IT                              build/stm32f3xx_hal_uart.o
HAL_UART_TxCpltCallback                           build/stm32f3xx_hal_uart.o
HAL_UART_TxHalfCpltCallback                       build/stm32f3xx_hal_uart.o
HardFault_Handler                                 build/stm32f3xx_it.o
I2C1_ER_IRQHandler                                build/startup_stm32f373xc.o
I2C1_EV_IRQHandler                                build/startup_stm32f373xc.o
I2C2_ER_IRQHandler                                build/startup_stm32f373xc.o
I2C2_EV_IRQHandler                                build/startup_stm32f373xc.o
MemManage_Handler                                 build/stm32f3xx_it.o
NMI_Handler                                       build/stm32f3xx_it.o
PVD_IRQHandler                                    build/startup_stm32f373xc.o
PendSV_Handler                                    build/port.o
RCC_IRQHandler                                    build/startup_stm32f373xc.o
RTC_Alarm_IRQHandler                              build/startup_stm32f373xc.o
RTC_WKUP_IRQHandler                               build/startup_stm32f373xc.o
Reset_Handler                                     build/startup_stm32f373xc.o
SDADC1_IRQHandler                                 build/startup_stm32f373xc.o
SDADC2_IRQHandler                                 build/startup_stm32f373xc.o
SDADC3_IRQHandler                                 build/startup_stm32f373xc.o
SPI1_IRQHandler                                   build/startup_stm32f373xc.o
SPI2_IRQHandler                                   build/startup_stm32f373xc.o
SPI3_IRQHandler                                   build/startup_stm32f373xc.o
SVC_Handler                                       build/port.o
SysTick_Handler                                   build/stm32f3xx_it.o
SystemClock_Config                                build/main.o
SystemCoreClock                                   build/system_stm32f3xx.o
                                                  build/port.o
                                                  build/stm32f3xx_hal_rcc_ex.o
                                                  build/stm32f3xx_hal_rcc.o
                                                  build/stm32f3xx_hal.o
SystemCoreClockUpdate                             build/system_stm32f3xx.o
SystemInit                                        build/system_stm32f3xx.o
                                                  build/startup_stm32f373xc.o
TAMP_STAMP_IRQHandler                             build/startup_stm32f373xc.o
TIM12_IRQHandler                                  build/startup_stm32f373xc.o
TIM13_IRQHandler                                  build/startup_stm32f373xc.o
TIM14_IRQHandler                                  build/startup_stm32f373xc.o
TIM15_IRQHandler                                  build/startup_stm32f373xc.o
TIM16_IRQHandler                                  build/startup_stm32f373xc.o
TIM17_IRQHandler                                  build/startup_stm32f373xc.o
TIM18_DAC2_IRQHandler                             build/startup_stm32f373xc.o
TIM19_IRQHandler                                  build/startup_stm32f373xc.o
TIM2_IRQHandler                                   build/startup_stm32f373xc.o
TIM3_IRQHandler                                   build/startup_stm32f373xc.o
TIM4_IRQHandler                                   build/startup_stm32f373xc.o
TIM5_IRQHandler                                   build/startup_stm32f373xc.o
TIM6_DAC1_IRQHandler                              build/stm32f3xx_it.o
TIM7_IRQHandler                                   build/startup_stm32f373xc.o
TIMEx_DMACommutationCplt                          build/stm32f3xx_hal_tim_ex.o
                                                  build/stm32f3xx_hal_tim.o
TIM_Base_SetConfig                                build/stm32f3xx_hal_tim.o
                                                  build/stm32f3xx_hal_tim_ex.o
TIM_CCxChannelCmd                                 build/stm32f3xx_hal_tim.o
                                                  build/stm32f3xx_hal_tim_ex.o
TIM_DMACaptureCplt                                build/stm32f3xx_hal_tim.o
                                                  build/stm32f3xx_hal_tim_ex.o
TIM_DMADelayPulseCplt                             build/stm32f3xx_hal_tim.o
                                                  build/stm32f3xx_hal_tim_ex.o
TIM_DMAError                                      build/stm32f3xx_hal_tim.o
                                                  build/stm32f3xx_hal_tim_ex.o
TIM_ETR_SetConfig                                 build/stm32f3xx_hal_tim.o
TIM_OC1_SetConfig                                 build/stm32f3xx_hal_tim.o
TIM_OC2_SetConfig                                 build/stm32f3xx_hal_tim.o
                                                  build/stm32f3xx_hal_tim_ex.o
TIM_OC3_SetConfig                                 build/stm32f3xx_hal_tim.o
TIM_OC4_SetConfig                                 build/stm32f3xx_hal_tim.o
TIM_TI1_SetConfig                                 build/stm32f3xx_hal_tim.o
                                                  build/stm32f3xx_hal_tim_ex.o
UART_AdvFeatureConfig                             build/stm32f3xx_hal_uart.o
                                                  build/stm32f3xx_hal_uart_ex.o
UART_CheckIdleState                               build/stm32f3xx_hal_uart.o
                                                  build/stm32f3xx_hal_uart_ex.o
UART_EndTransmit_IT                               build/stm32f3xx_hal_uart.o
UART_Receive_IT                                   build/stm32f3xx_hal_uart.o
UART_SetConfig                                    build/stm32f3xx_hal_uart.o
                                                  build/stm32f3xx_hal_uart_ex.o
UART_Transmit_IT                                  build/stm32f3xx_hal_uart.o
UART_WaitOnFlagUntilTimeout                       build/stm32f3xx_hal_uart.o
                                                  build/stm32f3xx_hal_uart_ex.o
UART_Wakeup_AddressConfig                         build/stm32f3xx_hal_uart.o
                                                  build/stm32f3xx_hal_uart_ex.o
USART1_IRQHandler                                 build/startup_stm32f373xc.o
USART2_IRQHandler                                 build/startup_stm32f373xc.o
USART3_IRQHandler                                 build/startup_stm32f373xc.o
USBWakeUp_IRQHandler                              build/startup_stm32f373xc.o
USB_HP_IRQHandler                                 build/startup_stm32f373xc.o
USB_LP_IRQHandler                                 build/startup_stm32f373xc.o
UsageFault_Handler                                build/stm32f3xx_it.o
WWDG_IRQHandler                                   build/startup_stm32f373xc.o
_Error_Handler                                    build/main.o
__bss_end__                                       c:/program files (x86)/gnu tools arm embedded/7 2018-q2-update/bin/../lib/gcc/arm-none-eabi/7.3.1/../../../../arm-none-eabi/lib/thumb/v7e-m/fpv4-sp/hard/crt0.o
__bss_start__                                     c:/program files (x86)/gnu tools arm embedded/7 2018-q2-update/bin/../lib/gcc/arm-none-eabi/7.3.1/../../../../arm-none-eabi/lib/thumb/v7e-m/fpv4-sp/hard/crt0.o
__call_exitprocs                                  c:/program files (x86)/gnu tools arm embedded/7 2018-q2-update/bin/../lib/gcc/arm-none-eabi/7.3.1/../../../../arm-none-eabi/lib/thumb/v7e-m/fpv4-sp/hard\libc_nano.a(lib_a-exit.o)
__deregister_frame_info                           c:/program files (x86)/gnu tools arm embedded/7 2018-q2-update/bin/../lib/gcc/arm-none-eabi/7.3.1/thumb/v7e-m/fpv4-sp/hard/crtbegin.o
__dso_handle                                      c:/program files (x86)/gnu tools arm embedded/7 2018-q2-update/bin/../lib/gcc/arm-none-eabi/7.3.1/thumb/v7e-m/fpv4-sp/hard/crtbegin.o